******************************************************************************
                  TI ARM Linker PC v16.9.6                     
******************************************************************************
>> Linked Thu Apr 26 17:30:54 2018

OUTPUT FILE NAME:   <test/xwr16xx/functional/xwr16xx_gtrack_functional_mss.xer4f>
ENTRY POINT SYMBOL: "_c_int00"  address: 0000c2a4


MEMORY CONFIGURATION

         name            origin    length      used     unused   attr    fill
----------------------  --------  ---------  --------  --------  ----  --------
  VECTORS               00000000   00000100  0000003c  000000c4     X
  PROG_RAM              00000100   0003ff00  0000f254  00030cac  R  X
  DATA_RAM              08000000   00030000  00012200  0001de00  RW  
  L3_RAM                51000000   000c0000  00002400  000bdc00  RW  
  HS_RAM                52080000   00008000  00000000  00008000  RW  


SEGMENT ALLOCATION MAP

run origin  load origin   length   init length attrs members
----------  ----------- ---------- ----------- ----- -------
00000000    00000000    0000003c   0000003c    r--
  00000000    00000000    0000003c   0000003c    r-- .vecs
00000100    00000100    0000f260   0000f260    r-x
  00000100    00000100    0000e382   0000e382    r-x .text
  0000e488    0000e488    00000c62   00000c62    r-- .const
  0000f0f0    0000f0f0    00000270   00000270    r-- .cinit
08000000    08000000    00011d50   00000000    rw-
  08000000    08000000    0000c000   00000000    rw- .systemHeap
  0800c000    0800c000    00004c98   00000000    rw- .bss
  08010c98    08010c98    000008b8   00000000    rw- .data
  08011550    08011550    00000800   00000000    rw- .myFiqStack
08011d60    08011d60    000004b0   00000000    rw-
  08011d60    08011d60    000004b0   00000000    rw- .stack
51000000    51000000    00002400   00000000    rw-
  51000000    51000000    00002400   00000000    rw- .MCPILogBuffer


SECTION ALLOCATION MAP

 output                                  attributes/
section   page    origin      length       input sections
--------  ----  ----------  ----------   ----------------
.vecs      0    00000000    0000003c     
                  00000000    0000003c     mss_per4ft.oer4ft (.vecs)

.text      0    00000100    0000e382     
                  00000100    0000107a     rtsv7R4_T_le_v3D16_eabi.lib : _printfi.obj (.text)
                  0000117a    00000002                                 : i_div0.obj (.text)
                  0000117c    00000a48     libgtrack_xwr16xx.aer4f : gtrack_unit_update.oer4f (.text:gtrack_unitUpdate)
                  00001bc4    00000898     rtsv7R4_T_le_v3D16_eabi.lib : _scanfi.obj (.text)
                  0000245c    00000778                                 : s_cosf.obj (.text)
                  00002bd4    000006e4                                 : s_sinf.obj (.text)
                  000032b8    000006a8     functional_gtracker_test.oer4f (.text:gtracker_functionality_test)
                  00003960    000005fc     rtsv7R4_T_le_v3D16_eabi.lib : k_rem_pio2.obj (.text)
                  00003f5c    00000590                                 : e_powf.obj (.text)
                  000044ec    00000004     libgtrack_xwr16xx.aer4f : gtrack_listlib.oer4f (.text:gtrack_listGetCount)
                  000044f0    000004d9     sysbios.aer4ft : BIOS.obj (.text:xdc_runtime_System_doPrint__I)
                  000049c9    00000001     --HOLE-- [fill = 0]
                  000049ca    00000002     mss_per4ft.oer4ft (.text:ti_sysbios_BIOS_nullFunc__I)
                  000049cc    0000046d     libgtrack_xwr16xx.aer4f : gtrack_unit_update.oer4f (.text:gtrack_velocityStateHandling)
                  00004e39    00000001     --HOLE-- [fill = 0]
                  00004e3a    00000002     mss_per4ft.oer4ft (.text:xdc_runtime_Startup_reset__I)
                  00004e3c    000003b4     libgtrack_xwr16xx.aer4f : gtrack_create.oer4f (.text:gtrack_create)
                  000051f0    00000328     benchmark_gtrack.oer4f (.text:gtracker_benchmark)
                  00005518    00000314     rtsv7R4_T_le_v3D16_eabi.lib : s_tanf.obj (.text)
                  0000582c    00000004     libgtrack_xwr16xx.aer4f : gtrack_listlib.oer4f (.text:gtrack_listGetFirst)
                  00005830    000002fc     sysbios.aer4ft : BIOS.obj (.text:ti_sysbios_knl_Semaphore_pend__E)
                  00005b2c    000002bc     libgtrack_xwr16xx.aer4f : gtrack_module.oer4f (.text:gtrack_moduleAllocate)
                  00005de8    000002b8     rtsv7R4_T_le_v3D16_eabi.lib : ull_div32.obj (.text)
                  000060a0    000002a0     sysbios.aer4ft : BIOS.obj (.text:ti_sysbios_heaps_HeapMem_freeUnprotected__E)
                  00006340    00000280                    : BIOS.obj (.text:ti_sysbios_family_arm_exc_Exception_excDumpContext__I)
                  000065c0    00000228                    : BIOS.obj (.text:ti_sysbios_heaps_HeapMem_allocUnprotected__E)
                  000067e8    00000218     libgtrack_xwr16xx.aer4f : gtrack_step.oer4f (.text:gtrack_step)
                  00006a00    000001e4     rtsv7R4_T_le_v3D16_eabi.lib : e_logf.obj (.text)
                  00006be4    000001e4                                 : strtod.obj (.text)
                  00006dc8    000001e4                                 : strtoll.obj (.text)
                  00006fac    00000004     libgtrack_xwr16xx.aer4f : gtrack_listlib.oer4f (.text:gtrack_listGetNext)
                  00006fb0    000001e4     sysbios.aer4ft : BIOS.obj (.text:ti_sysbios_timers_rti_Timer_Module_startup__E)
                  00007194    000001d0     rtsv7R4_T_le_v3D16_eabi.lib : fscanf.obj (.text)
                  00007364    0000000c     sysbios.aer4ft : arm_IntrinsicsSupport_asm.obj (.text:_ti_sysbios_family_arm_IntrinsicsSupport_maxbitA)
                  00007370    000001cc                    : BIOS.obj (.text:ti_sysbios_family_arm_v7r_vim_Hwi_dispatchIRQC__I)
                  0000753c    000001ca     libgtrack_xwr16xx.aer4f : gtrack_unit_predict.oer4f (.text:gtrack_unitPredict)
                  00007706    00000002     --HOLE-- [fill = 0]
                  00007708    000001c8     rtsv7R4_T_le_v3D16_eabi.lib : fopen.obj (.text)
                  000078d0    000001a1     libgtrack_xwr16xx.aer4f : gtrack_unit_score.oer4f (.text:gtrack_unitScore)
                  00007a71    00000001     --HOLE-- [fill = 0]
                  00007a72    0000000e     rtsv7R4_T_le_v3D16_eabi.lib : copy_decompress_none.obj (.text:decompress:none)
                  00007a80    00000198     sysbios.aer4ft : BIOS.obj (.text:xdc_runtime_Error_policyDefault__E)
                  00007c18    00000193     libgtrack_xwr16xx.aer4f : gtrack_unit_event.oer4f (.text:gtrack_unitEvent)
                  00007dab    00000001     --HOLE-- [fill = 0]
                  00007dac    00000004     mss_per4ft.oer4ft (.text:ti_sysbios_BIOS_RtsGateProxy_enter__E)
                  00007db0    0000018c     sysbios.aer4ft : BIOS.obj (.text:xdc_runtime_Core_createObject__I)
                  00007f3c    00000174     libgtrack_xwr16xx.aer4f : gtrack_unit_score.oer4f (.text:gtrack_gateCreateLim)
                  000080b0    00000168     sysbios.aer4ft : BIOS.obj (.text:ti_sysbios_family_arm_exc_Exception_excHandler__I)
                  00008218    00000164     rtsv7R4_T_le_v3D16_eabi.lib : strtoull.obj (.text)
                  0000837c    0000015c     libgtrack_xwr16xx.aer4f : gtrack_unit_start.oer4f (.text:gtrack_unitStart)
                  000084d8    0000015a                             : gtrack_math.oer4f (.text:gtrack_matrixInv3)
                  00008632    0000000e     sysbios.aer4ft : a15_TimestampProvider_asm.obj (.text:ti_sysbios_family_arm_a15_TimestampProvider_getOverflowCCNT__I)
                  00008640    00000158                    : BIOS.obj (.text:ti_sysbios_knl_Task_postInit__I)
                  00008798    00000154     rtsv7R4_T_le_v3D16_eabi.lib : s_atanf.obj (.text)
                  000088ec    00000004     mss_per4ft.oer4ft (.text:ti_sysbios_BIOS_RtsGateProxy_leave__E)
                  000088f0    00000154     sysbios.aer4ft : BIOS.obj (.text:xdc_runtime_Core_constructObject__I)
                  00008a44    0000000c     rtsv7R4_T_le_v3D16_eabi.lib : copy_zero_init.obj (.text:decompress:ZI)
                  00008a50    00000140     sysbios.aer4ft : BIOS.obj (.text:ti_sysbios_heaps_HeapMem_Instance_init__E)
                  00008b90    0000013c                    : BIOS.obj (.text:ti_sysbios_knl_Semaphore_post__E)
                  00008ccc    00000138     rtsv7R4_T_le_v3D16_eabi.lib : fputs.obj (.text)
                  00008e04    0000000c     libgtrack_xwr16xx.aer4f : gtrack_unit_get.oer4f (.text:gtrack_unitGetH)
                  00008e10    00000138     sysbios.aer4ft : BIOS.obj (.text:ti_sysbios_knl_Clock_workFunc__E)
                  00008f48    00000008     libgtrack_xwr16xx.aer4f : gtrack_unit_delete.oer4f (.text:gtrack_unitDelete)
                  00008f50    00000134     sysbios.aer4ft : BIOS.obj (.text:xdc_runtime_Startup_startMods__I)
                  00009084    00000130     rtsv7R4_T_le_v3D16_eabi.lib : strtol.obj (.text)
                  000091b4    0000000c     sysbios.aer4ft : BIOS.obj (.text:ti_sysbios_family_arm_v7a_Pmu_configureCounterI__I)
                  000091c0    00000128                    : BIOS.obj (.text:ti_sysbios_utils_Load_updateThreadContexts__E)
                  000092e8    00000124     libgtrack_xwr16xx.aer4f : gtrack_utilities.oer4f (.text:gtrack_computeJacobian)
                  0000940c    00000120     libtestlogger_xwr16xx.aer4f : logger.oer4f (.text:MCPI_setFeatureTestResult)
                  0000952c    00000004     mss_per4ft.oer4ft (.text:ti_sysbios_family_arm_TaskSupport_Module__startupDone__S)
                  00009530    00000118     sysbios.aer4ft : BIOS.obj (.text:ti_sysbios_family_arm_v7a_Pmu_configureCounter__E)
                  00009648    00000110     rtsv7R4_T_le_v3D16_eabi.lib : strtoul.obj (.text)
                  00009758    00000008     sysbios.aer4ft : BIOS.obj (.text:ti_sysbios_family_arm_v7a_Pmu_getEnabled__E)
                  00009760    0000010c                    : BIOS.obj (.text:ti_sysbios_knl_Task_schedule__I)
                  0000986c    00000004     mss_per4ft.oer4ft (.text:ti_sysbios_heaps_HeapMem_Module_GateProxy_enter__E)
                  00009870    00000104     sysbios.aer4ft : BIOS.obj (.text:ti_sysbios_timers_rti_Timer_getFreq__E)
                  00009974    0000000c                    : BIOS.obj (.text:ti_sysbios_family_arm_v7a_Pmu_getCountI__E)
                  00009980    000000fc                    : BIOS.obj (.text:ti_sysbios_knl_Task_exit__E)
                  00009a7c    000000f8     libgtrack_xwr16xx.aer4f : gtrack_math.oer4f (.text:gtrack_matrixCholesky3)
                  00009b74    000000f8     mss_per4ft.oer4ft (.text:xdc_runtime_System_printfExtend__I)
                  00009c6c    00000004     mss_per4ft.oer4ft (.text:ti_sysbios_heaps_HeapMem_Module_GateProxy_leave__E)
                  00009c70    000000f0     sysbios.aer4ft : BIOS.obj (.text:ti_sysbios_family_arm_v7r_vim_Hwi_Module_startup__E)
                  00009d60    000000f0                    : BIOS.obj (.text:ti_sysbios_knl_Task_startCore__E)
                  00009e50    000000ec     rtsv7R4_T_le_v3D16_eabi.lib : s_scalbn.obj (.text)
                  00009f3c    00000004     mss_per4ft.oer4ft (.text:ti_sysbios_knl_Clock_TimerProxy_getMaxTicks__E)
                  00009f40    000000ec     sysbios.aer4ft : BIOS.obj (.text:ti_sysbios_heaps_HeapBuf_Module_startup__E)
                  0000a02c    000000e0     rtsv7R4_T_le_v3D16_eabi.lib : s_floor.obj (.text)
                  0000a10c    00000004     main_gtrackerMss_test.oer4f (.text:wfi_sleep)
                  0000a110    000000e0     sysbios.aer4ft : BIOS.obj (.text:ti_sysbios_utils_Load_taskCreateHook__E)
                  0000a1f0    000000dc     rtsv7R4_T_le_v3D16_eabi.lib : setvbuf.obj (.text)
                  0000a2cc    000000d4                                 : s_scalbnf.obj (.text)
                  0000a3a0    000000d2     libgtrack_xwr16xx.aer4f : gtrack_math.oer4f (.text:gtrack_matrixPrint2)
                  0000a472    00000002     --HOLE-- [fill = 0]
                  0000a474    000000d0     sysbios.aer4ft : exc_Exception_asm.obj (.text:ti_sysbios_family_arm_exc_Exception_excHandlerAsm__I)
                  0000a544    0000000c     mss_per4ft.oer4ft (.text:ti_sysbios_knl_Queue_Object__get__S)
                  0000a550    000000d0     sysbios.aer4ft : BIOS.obj (.text:ti_sysbios_utils_Load_idleFxn__E)
                  0000a620    000000d0                    : BIOS.obj (.text:ti_sysbios_utils_Load_logLoads__I)
                  0000a6f0    000000cc     rtsv7R4_T_le_v3D16_eabi.lib : fflush.obj (.text)
                  0000a7bc    00000004     mss_per4ft.oer4ft (.text:xdc_runtime_System_Module_GateProxy_enter__E)
                  0000a7c0    000000cc     sysbios.aer4ft : BIOS.obj (.text:ti_sysbios_knl_Task_checkStacks__E)
                  0000a88c    00000004     mss_per4ft.oer4ft (.text:xdc_runtime_System_Module_GateProxy_leave__E)
                  0000a890    000000c4     sysbios.aer4ft : BIOS.obj (.text:ti_sysbios_knl_Task_unblockI__E)
                  0000a954    000000c0     libgtrack_xwr16xx.aer4f : gtrack_unit_create.oer4f (.text:gtrack_unitCreate)
                  0000aa14    0000000a     libosal_xwr16xx.aer4f : MemoryP_tirtos.oer4f (.text:MemoryP_ctrlFree)
                  0000aa1e    00000002     --HOLE-- [fill = 0]
                  0000aa20    000000c0     sysbios.aer4ft : BIOS.obj (.text:ti_sysbios_timers_rti_Timer_startup__E)
                  0000aae0    000000bc     rtsv7R4_T_le_v3D16_eabi.lib : open.obj (.text)
                  0000ab9c    00000004     --HOLE-- [fill = 0]
                  0000aba0    000000b4     sysbios.aer4ft : BIOS.obj (.text:ti_sysbios_gates_GateMutex_enter__E)
                  0000ac54    000000b0     main_gtrackerMss_test.oer4f (.text:main)
                  0000ad04    0000000a     libgtrack_xwr16xx.aer4f : gtrack_listlib.oer4f (.text:gtrack_listInit)
                  0000ad0e    00000002     --HOLE-- [fill = 0]
                  0000ad10    000000b0     sysbios.aer4ft : BIOS.obj (.text:ti_sysbios_utils_Load_updateLoads__E)
                  0000adc0    000000b0                    : BIOS.obj (.text:xdc_runtime_Text_putMod__E)
                  0000ae70    000000ae     rtsv7R4_T_le_v3D16_eabi.lib : _io_perm.obj (.text)
                  0000af1e    00000002     --HOLE-- [fill = 0]
                  0000af20    000000ac     sysbios.aer4ft : BIOS.obj (.text:ti_sysbios_knl_Task_Module_startup__E)
                  0000afcc    00000004     --HOLE-- [fill = 0]
                  0000afd0    000000ac                    : BIOS.obj (.text:ti_sysbios_utils_Load_startup__E)
                  0000b07c    000000a0     auto_init.aer4ft : auto_init.oer4ft (.text)
                  0000b11c    00000004     --HOLE-- [fill = 0]
                  0000b120    000000a0     sysbios.aer4ft : BIOS.obj (.text:ti_sysbios_knl_Task_blockI__E)
                  0000b1c0    0000009e     libgtrack_xwr16xx.aer4f : gtrack_unit_stop.oer4f (.text:gtrack_unitStop)
                  0000b25e    00000002     --HOLE-- [fill = 0]
                  0000b260    0000009e     sysbios.aer4ft : BIOS.obj (.text:xdc_runtime_Text_putSite__E)
                  0000b2fe    00000002     --HOLE-- [fill = 0]
                  0000b300    0000009c     rtsv7R4_T_le_v3D16_eabi.lib : _bufread.obj (.text)
                  0000b39c    0000009c                                 : memcpy_t2.obj (.text)
                  0000b438    00000008     mss_per4ft.oer4ft (.text:xdc_runtime_Text_visitRope__I)
                  0000b440    0000009c     sysbios.aer4ft : BIOS.obj (.text:ti_sysbios_family_arm_v7r_vim_Hwi_initIntController__I)
                  0000b4dc    00000004     --HOLE-- [fill = 0]
                  0000b4e0    0000009c                    : BIOS.obj (.text:ti_sysbios_family_arm_v7r_vim_Hwi_mapChannel__I)
                  0000b57c    00000004     --HOLE-- [fill = 0]
                  0000b580    0000009c                    : BIOS.obj (.text:ti_sysbios_knl_Semaphore_Instance_init__E)
                  0000b61c    0000009a     libgtrack_xwr16xx.aer4f : gtrack_math.oer4f (.text:gtrack_matrixMakeSymmetrical)
                  0000b6b6    00000002     --HOLE-- [fill = 0]
                  0000b6b8    00000098     rtsv7R4_T_le_v3D16_eabi.lib : fclose.obj (.text)
                  0000b750    00000098                                 : fputc.obj (.text)
                  0000b7e8    00000098     sysbios.aer4ft : vim_Hwi_asm_switch.obj (.text)
                  0000b880    00000094     libgtrack_xwr16xx.aer4f : gtrack_utilities.oer4f (.text:gtrack_cartesian2spherical)
                  0000b914    00000094     rtsv7R4_T_le_v3D16_eabi.lib : snprintf.obj (.text)
                  0000b9a8    00000094     sysbios.aer4ft : vim_Hwi_asm.obj (.text:ti_sysbios_family_arm_v7r_vim_Hwi_dispatchIRQ__I)
                  0000ba3c    00000004     --HOLE-- [fill = 0]
                  0000ba40    00000094                    : BIOS.obj (.text:ti_sysbios_utils_Load_taskDeleteHook__E)
                  0000bad4    00000090     rtsv7R4_T_le_v3D16_eabi.lib : fgetc.obj (.text)
                  0000bb64    0000000a     sysbios.aer4ft : tms570_Core_asm.obj (.text:ti_sysbios_family_arm_v7r_tms570_Core_getId__E)
                  0000bb6e    00000002     --HOLE-- [fill = 0]
                  0000bb70    00000090                    : BIOS.obj (.text:ti_sysbios_family_arm_v7a_Pmu_startCounter__E)
                  0000bc00    0000008c     libgtrack_xwr16xx.aer4f : gtrack_math.oer4f (.text:gtrack_matrixMultiply)
                  0000bc8c    00000004     --HOLE-- [fill = 0]
                  0000bc90    0000008c     sysbios.aer4ft : BIOS.obj (.text:ti_sysbios_family_arm_v7a_Pmu_getCount__E)
                  0000bd1c    00000004     --HOLE-- [fill = 0]
                  0000bd20    0000008c                    : BIOS.obj (.text:xdc_runtime_Memory_alloc__E)
                  0000bdac    00000088     libgtrack_xwr16xx.aer4f : gtrack_math.oer4f (.text:gtrack_matrixTransposeMultiply)
                  0000be34    00000080     rtsv7R4_T_le_v3D16_eabi.lib : ungetc.obj (.text)
                  0000beb4    0000000a     mss_per4ft.oer4ft (.text:xdc_runtime_IHeap_alloc)
                  0000bebe    00000002     --HOLE-- [fill = 0]
                  0000bec0    00000080     sysbios.aer4ft : BIOS.obj (.text:ti_sysbios_timers_rti_Timer_initDevice__I)
                  0000bf40    0000007e     libgtrack_xwr16xx.aer4f : gtrack_math.oer4f (.text:gtrack_matrixPrint)
                  0000bfbe    00000002     --HOLE-- [fill = 0]
                  0000bfc0    0000007c     sysbios.aer4ft : arm_TaskSupport_asm.obj (.text:_ti_sysbios_family_arm_TaskSupport_buildTaskStack)
                  0000c03c    00000004     --HOLE-- [fill = 0]
                  0000c040    0000007c                    : BIOS.obj (.text:xdc_runtime_Core_deleteObject__I)
                  0000c0bc    0000007a     libgtrack_xwr16xx.aer4f : gtrack_delete.oer4f (.text:gtrack_delete)
                  0000c136    0000007a                             : gtrack_module.oer4f (.text:gtrack_moduleUpdate)
                  0000c1b0    0000007a     rtsv7R4_T_le_v3D16_eabi.lib : memset_t2.obj (.text)
                  0000c22a    00000002     --HOLE-- [fill = 0]
                  0000c22c    00000078     libgtrack_xwr16xx.aer4f : gtrack_utilities.oer4f (.text:gtrack_spherical2cartesian)
                  0000c2a4    00000074     boot.aer4ft : boot.oer4ft (.text)
                  0000c318    00000074     rtsv7R4_T_le_v3D16_eabi.lib : getdevice.obj (.text)
                  0000c38c    00000074                                 : s_frexp.obj (.text)
                  0000c400    00000072     libgtrack_xwr16xx.aer4f : gtrack_listlib.oer4f (.text:gtrack_listRemoveElement)
                  0000c472    00000002     --HOLE-- [fill = 0]
                  0000c474    00000070     rtsv7R4_T_le_v3D16_eabi.lib : printf.obj (.text)
                  0000c4e4    0000000a     mss_per4ft.oer4ft (.text:xdc_runtime_IHeap_free)
                  0000c4ee    00000002     --HOLE-- [fill = 0]
                  0000c4f0    00000070     sysbios.aer4ft : BIOS.obj (.text:xdc_runtime_Error_print__E)
                  0000c560    0000006c     rtsv7R4_T_le_v3D16_eabi.lib : copy_decompress_lzss.obj (.text:decompress:lzss)
                  0000c5cc    0000006c     libgtrack_xwr16xx.aer4f : gtrack_math.oer4f (.text:gtrack_matrixMultiply66)
                  0000c638    0000006c     rtsv7R4_T_le_v3D16_eabi.lib : trgmsg.obj (.text)
                  0000c6a4    0000006a     libgtrack_xwr16xx.aer4f : gtrack_math.oer4f (.text:gtrack_matrixComputePJT)
                  0000c70e    0000006a                             : gtrack_math.oer4f (.text:gtrack_matrixMultiply66T)
                  0000c778    00000068     rtsv7R4_T_le_v3D16_eabi.lib : hostlseek.obj (.text)
                  0000c7e0    00000068                                 : hostrename.obj (.text)
                  0000c848    00000066     libgtrack_xwr16xx.aer4f : gtrack_unit_score.oer4f (.text:gtrack_computeMahalanobis3)
                  0000c8ae    00000002     --HOLE-- [fill = 0]
                  0000c8b0    00000064     rtsv7R4_T_le_v3D16_eabi.lib : fseek.obj (.text)
                  0000c914    00000064     sysbios.aer4ft : exc_Exception_asm.obj (.text:ti_sysbios_family_arm_exc_Exception_initCore0__I)
                  0000c978    00000006                    : a15_TimestampProvider_asm.obj (.text:ti_sysbios_family_arm_a15_TimestampProvider_get32__E)
                  0000c97e    00000002     --HOLE-- [fill = 0]
                  0000c980    00000064                    : BIOS.obj (.text:ti_sysbios_family_arm_v7r_vim_Hwi_phantomIntHandler__I)
                  0000c9e4    0000000c     --HOLE-- [fill = 0]
                  0000c9f0    00000064                    : BIOS.obj (.text:xdc_runtime_Startup_exec__E)
                  0000ca54    0000000c     --HOLE-- [fill = 0]
                  0000ca60    00000060                    : BIOS.obj (.text:ti_sysbios_heaps_HeapMem_alloc__E)
                  0000cac0    00000060                    : BIOS.obj (.text:ti_sysbios_knl_Clock_logTick__E)
                  0000cb20    00000060                    : BIOS.obj (.text:ti_sysbios_utils_Load_logCPULoad__I)
                  0000cb80    0000005e     libgtrack_xwr16xx.aer4f : gtrack_utilities.oer4f (.text:gtrack_unrollRadialVelocity)
                  0000cbde    00000002     --HOLE-- [fill = 0]
                  0000cbe0    0000005c     rtsv7R4_T_le_v3D16_eabi.lib : hostopen.obj (.text)
                  0000cc3c    0000005c                                 : hostread.obj (.text)
                  0000cc98    0000005c                                 : vprintf.obj (.text)
                  0000ccf4    0000000c     --HOLE-- [fill = 0]
                  0000cd00    0000005c     sysbios.aer4ft : BIOS.obj (.text:ti_sysbios_utils_Load_updateCurrentThreadTime__E)
                  0000cd5c    00000004     --HOLE-- [fill = 0]
                  0000cd60    0000005c                    : BIOS.obj (.text:xdc_runtime_Assert_raise__I)
                  0000cdbc    00000004     --HOLE-- [fill = 0]
                  0000cdc0    0000005b                    : BIOS.obj (.text:xdc_runtime_Text_putLab__E)
                  0000ce1b    00000001     --HOLE-- [fill = 0]
                  0000ce1c    00000058     rtsv7R4_T_le_v3D16_eabi.lib : close.obj (.text)
                  0000ce74    00000058                                 : hostwrite.obj (.text)
                  0000cecc    00000054                                 : ltoa.obj (.text)
                  0000cf20    00000054     sysbios.aer4ft : BIOS.obj (.text:ti_sysbios_heaps_HeapMem_getStats__E)
                  0000cf74    0000000c     --HOLE-- [fill = 0]
                  0000cf80    00000054                    : BIOS.obj (.text:xdc_runtime_Core_assignLabel__I)
                  0000cfd4    00000050     libgtrack_xwr16xx.aer4f : gtrack_module.oer4f (.text:gtrack_modulePredict)
                  0000d024    00000050     rtsv7R4_T_le_v3D16_eabi.lib : atoi.obj (.text)
                  0000d074    00000050                                 : exit.obj (.text)
                  0000d0c4    00000050                                 : u_div32.obj (.text)
                  0000d114    0000000c     --HOLE-- [fill = 0]
                  0000d120    00000050     sysbios.aer4ft : BIOS.obj (.text:xdc_runtime_System_exit__E)
                  0000d170    0000004e     libgtrack_xwr16xx.aer4f : gtrack_math.oer4f (.text:gtrack_matrixDet3)
                  0000d1be    00000002     --HOLE-- [fill = 0]
                  0000d1c0    0000004c     rtsv7R4_T_le_v3D16_eabi.lib : cpy_tbl.obj (.text)
                  0000d20c    00000004     --HOLE-- [fill = 0]
                  0000d210    0000004c     sysbios.aer4ft : BIOS.obj (.text:ti_sysbios_family_arm_v7r_vim_Hwi_getStackInfo__E)
                  0000d25c    00000004     --HOLE-- [fill = 0]
                  0000d260    0000004c                    : BIOS.obj (.text:ti_sysbios_utils_Load_taskSwitchHook__E)
                  0000d2ac    00000004     --HOLE-- [fill = 0]
                  0000d2b0    0000004a                    : BIOS.obj (.text:xdc_runtime_Text_xprintf__I)
                  0000d2fa    00000044     libgtrack_xwr16xx.aer4f : gtrack_module.oer4f (.text:gtrack_moduleReport)
                  0000d33e    00000002     --HOLE-- [fill = 0]
                  0000d340    00000044     rtsv7R4_T_le_v3D16_eabi.lib : hostclose.obj (.text)
                  0000d384    00000044                                 : hostunlink.obj (.text)
                  0000d3c8    00000008     --HOLE-- [fill = 0]
                  0000d3d0    00000044     sysbios.aer4ft : BIOS.obj (.text:ti_sysbios_family_arm_v7r_tms570_Core_Module_startup__E)
                  0000d414    0000000c     --HOLE-- [fill = 0]
                  0000d420    00000044                    : BIOS.obj (.text:ti_sysbios_knl_Task_allBlockedFunction__I)
                  0000d464    0000000c     --HOLE-- [fill = 0]
                  0000d470    00000044                    : BIOS.obj (.text:xdc_runtime_System_atexit__E)
                  0000d4b4    00000040     libgtrack_xwr16xx.aer4f : gtrack_utilities.oer4f (.text:isPointInsideBox)
                  0000d4f4    0000000c     --HOLE-- [fill = 0]
                  0000d500    00000040     sysbios.aer4ft : BIOS.obj (.text:ti_sysbios_timers_rti_Timer_stop__E)
                  0000d540    0000003c     libgtrack_xwr16xx.aer4f : gtrack_module.oer4f (.text:gtrack_moduleAssociate)
                  0000d57c    0000003c     sysbios.aer4ft : vim_Hwi_asm.obj (.text:ti_sysbios_family_arm_v7r_vim_Hwi_init__I)
                  0000d5b8    00000008     --HOLE-- [fill = 0]
                  0000d5c0    0000003c                    : BIOS.obj (.text:ti_sysbios_hal_Hwi_checkStack)
                  0000d5fc    00000004     --HOLE-- [fill = 0]
                  0000d600    0000003c                    : BIOS.obj (.text:ti_sysbios_heaps_HeapMem_init__I)
                  0000d63c    0000003a     libgtrack_xwr16xx.aer4f : gtrack_unit_report.oer4f (.text:gtrack_unitReport)
                  0000d676    00000036     rtsv7R4_T_le_v3D16_eabi.lib : strncpy.obj (.text)
                  0000d6ac    00000036                                 : ull_tofs_t2.obj (.text)
                  0000d6e2    0000000e     --HOLE-- [fill = 0]
                  0000d6f0    00000033     sysbios.aer4ft : BIOS.obj (.text:xdc_runtime_Text_printVisFxn__I)
                  0000d723    0000000d     --HOLE-- [fill = 0]
                  0000d730    00000032                    : BIOS.obj (.text:ti_sysbios_hal_Hwi_initStack)
                  0000d762    00000030     libgtrack_xwr16xx.aer4f : gtrack_math.oer4f (.text:gtrack_matrixAdd)
                  0000d792    00000030                             : gtrack_math.oer4f (.text:gtrack_matrixSub)
                  0000d7c2    00000002     --HOLE-- [fill = 0]
                  0000d7c4    00000030     mss_per4ft.oer4ft (.text:ti_sysbios_BIOS_startFunc__I)
                  0000d7f4    0000000c     --HOLE-- [fill = 0]
                  0000d800    00000030     sysbios.aer4ft : BIOS.obj (.text:ti_sysbios_family_arm_TaskSupport_start__E)
                  0000d830    00000030     mss_per4ft.oer4ft (.text:ti_sysbios_gates_GateHwi_Object__create__S)
                  0000d860    00000030     mss_per4ft.oer4ft (.text:ti_sysbios_gates_GateMutex_Object__create__S)
                  0000d890    00000030     mss_per4ft.oer4ft (.text:ti_sysbios_heaps_HeapMem_Object__create__S)
                  0000d8c0    00000030     sysbios.aer4ft : BIOS.obj (.text:ti_sysbios_heaps_HeapMem_free__E)
                  0000d8f0    00000030     mss_per4ft.oer4ft (.text:ti_sysbios_knl_Semaphore_construct)
                  0000d920    0000002e     sysbios.aer4ft : BIOS.obj (.text:ti_sysbios_knl_Semaphore_pendTimeout__I)
                  0000d94e    0000002e     mss_per4ft.oer4ft (.text:ti_sysbios_rts_gnu_MemAlloc_alloc)
                  0000d97c    0000002c     rtsv7R4_T_le_v3D16_eabi.lib : unlink.obj (.text)
                  0000d9a8    0000002c     mss_per4ft.oer4ft (.text:ti_sysbios_BIOS_atExitFunc__I)
                  0000d9d4    0000002c     mss_per4ft.oer4ft (.text:ti_sysbios_knl_Clock_doTick__I)
                  0000da00    0000002c     mss_per4ft.oer4ft (.text:ti_sysbios_knl_Queue_construct)
                  0000da2c    00000004     --HOLE-- [fill = 0]
                  0000da30    0000002c     sysbios.aer4ft : BIOS.obj (.text:ti_sysbios_timers_rti_Timer_periodicStub__E)
                  0000da5c    00000028     gtrackAlloc.oer4f (.text:gtrack_alloc)
                  0000da84    00000028     gtrackLog.oer4f (.text:gtrack_log)
                  0000daac    00000028     rtsv7R4_T_le_v3D16_eabi.lib : e_sqrtf.obj (.text)
                  0000dad4    00000028                                 : lseek.obj (.text)
                  0000dafc    00000028                                 : read.obj (.text)
                  0000db24    00000028                                 : write.obj (.text)
                  0000db4c    00000004     --HOLE-- [fill = 0]
                  0000db50    00000028     sysbios.aer4ft : BIOS.obj (.text:ti_sysbios_knl_Idle_run__E)
                  0000db78    00000008     --HOLE-- [fill = 0]
                  0000db80    00000028                    : BIOS.obj (.text:xdc_runtime_SysStd_abort__E)
                  0000dba8    00000008     --HOLE-- [fill = 0]
                  0000dbb0    00000028                    : BIOS.obj (.text:xdc_runtime_System_aprintf_va__F)
                  0000dbd8    00000026     libgtrack_xwr16xx.aer4f : gtrack_listlib.oer4f (.text:gtrack_listEnqueue)
                  0000dbfe    00000002     --HOLE-- [fill = 0]
                  0000dc00    00000026     sysbios.aer4ft : BIOS.obj (.text:xdc_runtime_System_printf_va__F)
                  0000dc26    00000002     --HOLE-- [fill = 0]
                  0000dc28    00000024     libtestlogger_xwr16xx.aer4f : logger.oer4f (.text:MCPI_Initialize)
                  0000dc4c    00000024     libgtrack_xwr16xx.aer4f : gtrack_listlib.oer4f (.text:gtrack_listDequeue)
                  0000dc70    00000024     mss_per4ft.oer4ft (.text:ti_sysbios_BIOS_registerRTSLock__I)
                  0000dc94    00000024     mss_per4ft.oer4ft (.text:ti_sysbios_BIOS_removeRTSLock__I)
                  0000dcb8    00000024     mss_per4ft.oer4ft (.text:ti_sysbios_gates_GateMutex_Object__delete__S)
                  0000dcdc    00000020     gtrackAlloc.oer4f (.text:gtrack_free)
                  0000dcfc    00000020     rtsv7R4_T_le_v3D16_eabi.lib : memchr.obj (.text)
                  0000dd1c    00000004     --HOLE-- [fill = 0]
                  0000dd20    00000020     sysbios.aer4ft : BIOS.obj (.text:ti_sysbios_family_arm_a15_TimestampProvider_autoRefreshFxn__I)
                  0000dd40    00000020                    : BIOS.obj (.text:ti_sysbios_family_arm_v7a_Pmu_Module_startup__E)
                  0000dd60    00000020                    : BIOS.obj (.text:ti_sysbios_family_arm_v7r_vim_Hwi_disableInterrupt__E)
                  0000dd80    00000020                    : BIOS.obj (.text:ti_sysbios_family_arm_v7r_vim_Hwi_enableInterrupt__E)
                  0000dda0    00000020     mss_per4ft.oer4ft (.text:ti_sysbios_gates_GateHwi_Object__delete__S)
                  0000ddc0    00000020     mss_per4ft.oer4ft (.text:ti_sysbios_heaps_HeapMem_Object__delete__S)
                  0000dde0    00000020     sysbios.aer4ft : BIOS.obj (.text:ti_sysbios_knl_Clock_Module_startup__E)
                  0000de00    00000020     mss_per4ft.oer4ft (.text:ti_sysbios_knl_Semaphore_destruct)
                  0000de20    0000001e     rtsv7R4_T_le_v3D16_eabi.lib : strcat.obj (.text)
                  0000de3e    0000001e     mss_per4ft.oer4ft (.text:ti_sysbios_BIOS_errorRaiseHook__I)
                  0000de5c    0000001c     sysbios.aer4ft : arm_TaskSupport_asm.obj (.text:_ti_sysbios_family_arm_TaskSupport_glue)
                  0000de78    0000001c     rtsv7R4_T_le_v3D16_eabi.lib : memccpy.obj (.text)
                  0000de94    0000001c     mss_per4ft.oer4ft (.text:ti_sysbios_BIOS_rtsLock__I)
                  0000deb0    0000001c     sysbios.aer4ft : BIOS.obj (.text:ti_sysbios_family_arm_v7r_vim_Hwi_clearInterrupt__E)
                  0000decc    00000004     --HOLE-- [fill = 0]
                  0000ded0    0000001c                    : BIOS.obj (.text:ti_sysbios_gates_GateMutex_Instance_init__E)
                  0000deec    00000004     --HOLE-- [fill = 0]
                  0000def0    0000001c                    : BIOS.obj (.text:ti_sysbios_gates_GateMutex_leave__E)
                  0000df0c    0000001c     mss_per4ft.oer4ft (.text:ti_sysbios_knl_Queue_destruct)
                  0000df28    0000001a     mss_per4ft.oer4ft (.text:free)
                  0000df42    0000001a     rtsv7R4_T_le_v3D16_eabi.lib : s_copysign.obj (.text)
                  0000df5c    0000001a     sysbios.aer4ft : a15_TimestampProvider_asm.obj (.text:ti_sysbios_family_arm_a15_TimestampProvider_initCCNT__I)
                  0000df76    0000001a     mss_per4ft.oer4ft (.text:xdc_runtime_System_aprintf__E)
                  0000df90    0000001a     mss_per4ft.oer4ft (.text:xdc_runtime_System_printf__E)
                  0000dfaa    00000002     --HOLE-- [fill = 0]
                  0000dfac    00000018     sysbios.aer4ft : arm_TaskSupport_asm.obj (.text:_ti_sysbios_family_arm_TaskSupport_swap__E)
                  0000dfc4    00000018     rtsv7R4_T_le_v3D16_eabi.lib : args_main.obj (.text)
                  0000dfdc    00000018                                 : ll_mul_t2.obj (.text)
                  0000dff4    00000018                                 : strcmp.obj (.text)
                  0000e00c    00000018                                 : strrchr.obj (.text)
                  0000e024    00000018     mss_per4ft.oer4ft (.text:ti_sysbios_BIOS_rtsUnlock__I)
                  0000e03c    00000018     sysbios.aer4ft : BIOS.obj (.text:ti_sysbios_family_arm_v7a_Pmu_initCounters__I)
                  0000e054    00000018     mss_per4ft.oer4ft (.text:ti_sysbios_family_arm_v7r_vim_Hwi_Module__startupDone__F)
                  0000e06c    00000018     mss_per4ft.oer4ft (.text:ti_sysbios_gates_GateHwi_Handle__label__S)
                  0000e084    00000018     mss_per4ft.oer4ft (.text:ti_sysbios_gates_GateMutex_Handle__label__S)
                  0000e09c    00000018     mss_per4ft.oer4ft (.text:ti_sysbios_heaps_HeapMem_Handle__label__S)
                  0000e0b4    0000000c     --HOLE-- [fill = 0]
                  0000e0c0    00000018     sysbios.aer4ft : BIOS.obj (.text:ti_sysbios_knl_Task_enter__I)
                  0000e0d8    00000008     --HOLE-- [fill = 0]
                  0000e0e0    00000018                    : BIOS.obj (.text:ti_sysbios_knl_Task_restoreHwi__E)
                  0000e0f8    00000018     mss_per4ft.oer4ft (.text:ti_sysbios_timers_rti_Timer_Module__startupDone__F)
                  0000e110    00000018     sysbios.aer4ft : BIOS.obj (.text:xdc_runtime_Error_init__E)
                  0000e128    00000016     rtsv7R4_T_le_v3D16_eabi.lib : strchr.obj (.text)
                  0000e13e    00000016                                 : strlen.obj (.text)
                  0000e154    00000016     mss_per4ft.oer4ft (.text:ti_sysbios_BIOS_exitFunc__I)
                  0000e16a    00000006     --HOLE-- [fill = 0]
                  0000e170    00000016     sysbios.aer4ft : BIOS.obj (.text:ti_sysbios_knl_Idle_loop__E)
                  0000e186    00000014     benchmark_gtrack.oer4f (.text:Cycleprofiler_init)
                  0000e19a    00000002     --HOLE-- [fill = 0]
                  0000e19c    00000014     libtestlogger_xwr16xx.aer4f : logger.oer4f (.text:MCPI_setTestResult)
                  0000e1b0    00000014     libosal_xwr16xx.aer4f : DebugP_tirtos.oer4f (.text:_DebugP_assert)
                  0000e1c4    00000014     rtsv7R4_T_le_v3D16_eabi.lib : _lock.obj (.text)
                  0000e1d8    00000014                                 : strcpy.obj (.text)
                  0000e1ec    00000014     mss_per4ft.oer4ft (.text:ti_sysbios_heaps_HeapMem_Object__get__S)
                  0000e200    00000012     libosal_xwr16xx.aer4f : MemoryP_tirtos.oer4f (.text:MemoryP_ctrlAlloc)
                  0000e212    00000012     rtsv7R4_T_le_v3D16_eabi.lib : s_copysignf.obj (.text)
                  0000e224    0000000c     --HOLE-- [fill = 0]
                  0000e230    00000012     sysbios.aer4ft : BIOS.obj (.text:ti_sysbios_hal_Hwi_Module_startup__E)
                  0000e242    00000012     mss_per4ft.oer4ft (.text:xdc_runtime_Startup_exec__I)
                  0000e254    0000000c     --HOLE-- [fill = 0]
                  0000e260    00000010     sysbios.aer4ft : BIOS.obj (.text:ti_sysbios_BIOS_getCpuFreq__E)
                  0000e270    00000010                    : BIOS.obj (.text:ti_sysbios_BIOS_setThreadType__E)
                  0000e280    00000010                    : BIOS.obj (.text:ti_sysbios_family_arm_a15_TimestampProvider_Module_startup__E)
                  0000e290    00000010                    : BIOS.obj (.text:ti_sysbios_family_arm_v7a_Pmu_disableInterruptI__E)
                  0000e2a0    00000010                    : BIOS.obj (.text:ti_sysbios_family_arm_v7a_Pmu_enableInterruptI__E)
                  0000e2b0    00000010                    : BIOS.obj (.text:ti_sysbios_family_arm_v7a_Pmu_getNumCounters__E)
                  0000e2c0    00000010                    : BIOS.obj (.text:ti_sysbios_family_arm_v7a_Pmu_startCounterI__E)
                  0000e2d0    00000010                    : BIOS.obj (.text:ti_sysbios_family_arm_v7a_Pmu_stopCounterI__E)
                  0000e2e0    00000010                    : BIOS.obj (.text:ti_sysbios_gates_GateMutex_Instance_finalize__E)
                  0000e2f0    00000010     mss_per4ft.oer4ft (.text:ti_sysbios_heaps_HeapBuf_Object__get__S)
                  0000e300    00000010     sysbios.aer4ft : BIOS.obj (.text:ti_sysbios_knl_Semaphore_Instance_finalize__E)
                  0000e310    00000010     mss_per4ft.oer4ft (.text:ti_sysbios_knl_Task_Object__get__S)
                  0000e320    00000010     sysbios.aer4ft : BIOS.obj (.text:ti_sysbios_knl_Task_disable__E)
                  0000e330    00000010                    : BIOS.obj (.text:xdc_runtime_Memory_free__E)
                  0000e340    0000000e                    : BIOS.obj (.text:ti_sysbios_knl_Queue_empty__E)
                  0000e34e    00000002     --HOLE-- [fill = 0]
                  0000e350    0000000c                    : BIOS.obj (.text:ti_sysbios_family_arm_TaskSupport_checkStack__E)
                  0000e35c    00000004     --HOLE-- [fill = 0]
                  0000e360    0000000c                    : BIOS.obj (.text:ti_sysbios_family_arm_exc_Exception_Module_startup__E)
                  0000e36c    00000004     --HOLE-- [fill = 0]
                  0000e370    0000000c                    : BIOS.obj (.text:ti_sysbios_family_arm_v7r_vim_Hwi_switchFromBootStack__E)
                  0000e37c    00000004     --HOLE-- [fill = 0]
                  0000e380    0000000c                    : BIOS.obj (.text:ti_sysbios_utils_Load_taskRegHook__E)
                  0000e38c    00000004     --HOLE-- [fill = 0]
                  0000e390    0000000c                    : BIOS.obj (.text:xdc_runtime_Startup_rtsDone__E)
                  0000e39c    00000004     --HOLE-- [fill = 0]
                  0000e3a0    0000000c                    : BIOS.obj (.text:xdc_runtime_SysStd_exit__E)
                  0000e3ac    00000004     --HOLE-- [fill = 0]
                  0000e3b0    00000008                    : BIOS.obj (.text:ti_sysbios_gates_GateHwi_enter__E)
                  0000e3b8    00000008     --HOLE-- [fill = 0]
                  0000e3c0    00000006                    : BIOS.obj (.text:ti_sysbios_family_arm_v7r_vim_Hwi_startup__E)
                  0000e3c6    0000000a     --HOLE-- [fill = 0]
                  0000e3d0    00000006                    : BIOS.obj (.text:ti_sysbios_gates_GateHwi_leave__E)
                  0000e3d6    0000000a     --HOLE-- [fill = 0]
                  0000e3e0    00000006                    : BIOS.obj (.text:ti_sysbios_heaps_HeapMem_isBlocking__E)
                  0000e3e6    0000000a     --HOLE-- [fill = 0]
                  0000e3f0    00000006                    : BIOS.obj (.text:ti_sysbios_knl_Queue_Instance_init__E)
                  0000e3f6    0000000a     --HOLE-- [fill = 0]
                  0000e400    00000006                    : BIOS.obj (.text:xdc_runtime_System_Module_startup__E)
                  0000e406    0000000a     --HOLE-- [fill = 0]
                  0000e410    00000004                    : BIOS.obj (.text:ti_sysbios_gates_GateHwi_query__E)
                  0000e414    0000000c     --HOLE-- [fill = 0]
                  0000e420    00000004                    : BIOS.obj (.text:ti_sysbios_gates_GateMutex_query__E)
                  0000e424    0000000c     --HOLE-- [fill = 0]
                  0000e430    00000004                    : BIOS.obj (.text:ti_sysbios_knl_Task_startup__E)
                  0000e434    0000000c     --HOLE-- [fill = 0]
                  0000e440    00000004                    : BIOS.obj (.text:ti_sysbios_timers_rti_Timer_getMaxTicks__E)
                  0000e444    0000000c     --HOLE-- [fill = 0]
                  0000e450    00000004                    : BIOS.obj (.text:xdc_runtime_SysStd_putch__E)
                  0000e454    0000000c     --HOLE-- [fill = 0]
                  0000e460    00000004                    : BIOS.obj (.text:xdc_runtime_SysStd_ready__E)
                  0000e464    0000000c     --HOLE-- [fill = 0]
                  0000e470    00000002                    : BIOS.obj (.text:ti_sysbios_BIOS_linkedWithIncorrectBootLibrary__E)
                  0000e472    0000000e     --HOLE-- [fill = 0]
                  0000e480    00000002                    : BIOS.obj (.text:ti_sysbios_gates_GateHwi_Instance_init__E)

.const     0    0000e488    00000c62     
                  0000e488    00000228     libgtrack_xwr16xx.aer4f : gtrack_create.oer4f (.const:$O1$$)
                  0000e6b0    00000158     rtsv7R4_T_le_v3D16_eabi.lib : k_rem_pio2.obj (.const:$O1$$)
                  0000e808    00000101                                 : ctype.obj (.const:.string:_ctypes_)
                  0000e909    00000001     mss_per4ft.oer4ft (.const:xdc_runtime_Text_charTab__A)
                  0000e90a    00000002     mss_per4ft.oer4ft (.const:ti_sysbios_family_arm_exc_Exception_Module__id__C)
                  0000e90c    00000004     mss_per4ft.oer4ft (.const:ti_sysbios_family_arm_exc_Exception_E_dataAbort__C)
                  0000e910    00000098     rtsv7R4_T_le_v3D16_eabi.lib : strtod.obj (.const:$O1$$)
                  0000e9a8    00000090     libgtrack_xwr16xx.aer4f : gtrack_create.oer4f (.const:pinit6x6)
                  0000ea38    00000080     mss_per4ft.oer4ft (.const:ti_sysbios_family_arm_v7r_vim_Hwi_channelMap__A)
                  0000eab8    0000007c     libgtrack_xwr16xx.aer4f : gtrack_unit_update.oer4f (.const:$O1$$)
                  0000eb34    00000048     mss_per4ft.oer4ft (.const:.string)
                  0000eb7c    00000034     rtsv7R4_T_le_v3D16_eabi.lib : s_atanf.obj (.const:$O1$$)
                  0000ebb0    00000030                                 : s_tanf.obj (.const:T)
                  0000ebe0    0000002c     mss_per4ft.oer4ft (.const:xdc_runtime_Startup_sfxnTab__A)
                  0000ec0c    00000028     mss_per4ft.oer4ft (.const:ti_sysbios_heaps_HeapMem_Module__FXNS__C)
                  0000ec34    00000024     mss_per4ft.oer4ft (.const:ti_sysbios_gates_GateHwi_Module__FXNS__C)
                  0000ec58    00000024     mss_per4ft.oer4ft (.const:ti_sysbios_gates_GateMutex_Module__FXNS__C)
                  0000ec7c    00000024     mss_per4ft.oer4ft (.const:ti_sysbios_heaps_HeapMem_Object__PARAMS__C)
                  0000eca0    00000024     mss_per4ft.oer4ft (.const:ti_sysbios_knl_Semaphore_Object__PARAMS__C)
                  0000ecc4    00000024     libgtrack_xwr16xx.aer4f : gtrack_create.oer4f (.const:zero3x3)
                  0000ece8    00000020     mss_per4ft.oer4ft (.const:ti_sysbios_gates_GateHwi_Object__DESC__C)
                  0000ed08    00000020     mss_per4ft.oer4ft (.const:ti_sysbios_gates_GateMutex_Object__DESC__C)
                  0000ed28    00000020     mss_per4ft.oer4ft (.const:ti_sysbios_heaps_HeapMem_Object__DESC__C)
                  0000ed48    00000020     mss_per4ft.oer4ft (.const:ti_sysbios_knl_Queue_Object__DESC__C)
                  0000ed68    00000020     mss_per4ft.oer4ft (.const:ti_sysbios_knl_Semaphore_Object__DESC__C)
                  0000ed88    00000018     rtsv7R4_T_le_v3D16_eabi.lib : e_powf.obj (.const:$O1$$)
                  0000eda0    00000018     mss_per4ft.oer4ft (.const:ti_sysbios_gates_GateHwi_Object__PARAMS__C)
                  0000edb8    00000018     mss_per4ft.oer4ft (.const:ti_sysbios_gates_GateMutex_Object__PARAMS__C)
                  0000edd0    00000018     mss_per4ft.oer4ft (.const:ti_sysbios_knl_Queue_Object__PARAMS__C)
                  0000ede8    00000018     mss_per4ft.oer4ft (.const:ti_sysbios_knl_Task_hooks__A)
                  0000ee00    00000016     mss_per4ft.oer4ft (.const:xdc_runtime_Startup_sfxnRts__A)
                  0000ee16    00000002     mss_per4ft.oer4ft (.const:ti_sysbios_family_arm_v7a_Pmu_Module__id__C)
                  0000ee18    00000010     rtsv7R4_T_le_v3D16_eabi.lib : _scanfi.obj (.const:$O1$$)
                  0000ee28    00000010     mss_per4ft.oer4ft (.const:ti_sysbios_family_arm_v7r_vim_Hwi_intReqEnaSet__A)
                  0000ee38    00000010     mss_per4ft.oer4ft (.const:ti_sysbios_family_arm_v7r_vim_Hwi_wakeEnaSet__A)
                  0000ee48    0000000c     libgtrack_xwr16xx.aer4f : gtrack_math.oer4f (.const:$P$T0$1)
                  0000ee54    0000000c     mss_per4ft.oer4ft (.const:ti_sysbios_knl_Idle_funcList__A)
                  0000ee60    00000008     mss_per4ft.oer4ft (.const:ti_sysbios_knl_Idle_funcList__C)
                  0000ee68    00000008     mss_per4ft.oer4ft (.const:ti_sysbios_knl_Task_hooks__C)
                  0000ee70    00000008     mss_per4ft.oer4ft (.const:xdc_runtime_Startup_firstFxns__A)
                  0000ee78    00000008     mss_per4ft.oer4ft (.const:xdc_runtime_Startup_firstFxns__C)
                  0000ee80    00000008     mss_per4ft.oer4ft (.const:xdc_runtime_Startup_lastFxns__C)
                  0000ee88    00000004     mss_per4ft.oer4ft (.const:ti_sysbios_family_arm_exc_Exception_E_prefetchAbort__C)
                  0000ee8c    00000004     mss_per4ft.oer4ft (.const:ti_sysbios_family_arm_exc_Exception_E_swi__C)
                  0000ee90    00000004     mss_per4ft.oer4ft (.const:ti_sysbios_family_arm_exc_Exception_E_undefinedInstruction__C)
                  0000ee94    00000004     mss_per4ft.oer4ft (.const:ti_sysbios_family_arm_exc_Exception_excHookFuncs__A)
                  0000ee98    00000004     mss_per4ft.oer4ft (.const:ti_sysbios_family_arm_exc_Exception_excHookFuncs__C)
                  0000ee9c    00000004     mss_per4ft.oer4ft (.const:ti_sysbios_family_arm_v7a_Pmu_A_invalidCounterId__C)
                  0000eea0    00000004     mss_per4ft.oer4ft (.const:ti_sysbios_family_arm_v7a_Pmu_Module__diagsEnabled__C)
                  0000eea4    00000004     mss_per4ft.oer4ft (.const:ti_sysbios_family_arm_v7a_Pmu_Module__diagsIncluded__C)
                  0000eea8    00000004     mss_per4ft.oer4ft (.const:ti_sysbios_family_arm_v7a_Pmu_Module__diagsMask__C)
                  0000eeac    00000004     mss_per4ft.oer4ft (.const:ti_sysbios_family_arm_v7r_tms570_Core_E_mismatchedIds__C)
                  0000eeb0    00000004     mss_per4ft.oer4ft (.const:ti_sysbios_family_arm_v7r_tms570_Core_id__C)
                  0000eeb4    00000004     mss_per4ft.oer4ft (.const:ti_sysbios_family_arm_v7r_vim_Hwi_A_badChannelId__C)
                  0000eeb8    00000004     mss_per4ft.oer4ft (.const:ti_sysbios_family_arm_v7r_vim_Hwi_E_phantomInterrupt__C)
                  0000eebc    00000004     mss_per4ft.oer4ft (.const:ti_sysbios_family_arm_v7r_vim_Hwi_E_undefined__C)
                  0000eec0    00000004     mss_per4ft.oer4ft (.const:ti_sysbios_family_arm_v7r_vim_Hwi_LD_end__C)
                  0000eec4    00000004     mss_per4ft.oer4ft (.const:ti_sysbios_family_arm_v7r_vim_Hwi_LM_begin__C)
                  0000eec8    00000004     mss_per4ft.oer4ft (.const:ti_sysbios_family_arm_v7r_vim_Hwi_Module__diagsEnabled__C)
                  0000eecc    00000004     mss_per4ft.oer4ft (.const:ti_sysbios_family_arm_v7r_vim_Hwi_Module__diagsIncluded__C)
                  0000eed0    00000004     mss_per4ft.oer4ft (.const:ti_sysbios_family_arm_v7r_vim_Hwi_Module__diagsMask__C)
                  0000eed4    00000004     mss_per4ft.oer4ft (.const:ti_sysbios_family_arm_v7r_vim_Hwi_Module__loggerFxn1__C)
                  0000eed8    00000004     mss_per4ft.oer4ft (.const:ti_sysbios_family_arm_v7r_vim_Hwi_Module__loggerFxn8__C)
                  0000eedc    00000004     mss_per4ft.oer4ft (.const:ti_sysbios_family_arm_v7r_vim_Hwi_Module__loggerObj__C)
                  0000eee0    00000004     mss_per4ft.oer4ft (.const:ti_sysbios_family_arm_v7r_vim_Hwi_NUM_INTERRUPTS__C)
                  0000eee4    00000004     mss_per4ft.oer4ft (.const:ti_sysbios_family_arm_v7r_vim_Hwi_channelMap__C)
                  0000eee8    00000004     mss_per4ft.oer4ft (.const:ti_sysbios_family_arm_v7r_vim_Hwi_intReqEnaSet__C)
                  0000eeec    00000004     mss_per4ft.oer4ft (.const:ti_sysbios_family_arm_v7r_vim_Hwi_phantomFunc__C)
                  0000eef0    00000004     mss_per4ft.oer4ft (.const:ti_sysbios_family_arm_v7r_vim_Hwi_taskDisable__C)
                  0000eef4    00000004     mss_per4ft.oer4ft (.const:ti_sysbios_family_arm_v7r_vim_Hwi_taskRestoreHwi__C)
                  0000eef8    00000004     mss_per4ft.oer4ft (.const:ti_sysbios_family_arm_v7r_vim_Hwi_wakeEnaSet__C)
                  0000eefc    00000004     mss_per4ft.oer4ft (.const:ti_sysbios_gates_GateMutex_A_badContext__C)
                  0000ef00    00000004     mss_per4ft.oer4ft (.const:ti_sysbios_gates_GateMutex_Instance_State_sem__O)
                  0000ef04    00000004     mss_per4ft.oer4ft (.const:ti_sysbios_gates_GateMutex_Module__diagsEnabled__C)
                  0000ef08    00000004     mss_per4ft.oer4ft (.const:ti_sysbios_gates_GateMutex_Module__diagsIncluded__C)
                  0000ef0c    00000004     mss_per4ft.oer4ft (.const:ti_sysbios_gates_GateMutex_Module__diagsMask__C)
                  0000ef10    00000004     mss_per4ft.oer4ft (.const:ti_sysbios_hal_Hwi_E_stackOverflow__C)
                  0000ef14    00000004     mss_per4ft.oer4ft (.const:ti_sysbios_heaps_HeapBuf_Instance_State_freeList__O)
                  0000ef18    00000004     mss_per4ft.oer4ft (.const:ti_sysbios_heaps_HeapBuf_Object__count__C)
                  0000ef1c    00000004     mss_per4ft.oer4ft (.const:ti_sysbios_heaps_HeapBuf_numConstructedHeaps__C)
                  0000ef20    00000004     mss_per4ft.oer4ft (.const:ti_sysbios_heaps_HeapMem_A_align__C)
                  0000ef24    00000004     mss_per4ft.oer4ft (.const:ti_sysbios_heaps_HeapMem_A_heapSize__C)
                  0000ef28    00000004     mss_per4ft.oer4ft (.const:ti_sysbios_heaps_HeapMem_A_invalidFree__C)
                  0000ef2c    00000004     mss_per4ft.oer4ft (.const:ti_sysbios_heaps_HeapMem_A_zeroBlock__C)
                  0000ef30    00000004     mss_per4ft.oer4ft (.const:ti_sysbios_heaps_HeapMem_E_memory__C)
                  0000ef34    00000004     mss_per4ft.oer4ft (.const:ti_sysbios_heaps_HeapMem_Module__diagsEnabled__C)
                  0000ef38    00000004     mss_per4ft.oer4ft (.const:ti_sysbios_heaps_HeapMem_Module__diagsIncluded__C)
                  0000ef3c    00000004     mss_per4ft.oer4ft (.const:ti_sysbios_heaps_HeapMem_Module__diagsMask__C)
                  0000ef40    00000004     mss_per4ft.oer4ft (.const:ti_sysbios_heaps_HeapMem_Module__gateObj__C)
                  0000ef44    00000004     mss_per4ft.oer4ft (.const:ti_sysbios_heaps_HeapMem_Object__count__C)
                  0000ef48    00000004     mss_per4ft.oer4ft (.const:ti_sysbios_heaps_HeapMem_reqAlign__C)
                  0000ef4c    00000004     mss_per4ft.oer4ft (.const:ti_sysbios_knl_Clock_LM_begin__C)
                  0000ef50    00000004     mss_per4ft.oer4ft (.const:ti_sysbios_knl_Clock_LM_tick__C)
                  0000ef54    00000004     mss_per4ft.oer4ft (.const:ti_sysbios_knl_Clock_LW_delayed__C)
                  0000ef58    00000004     mss_per4ft.oer4ft (.const:ti_sysbios_knl_Clock_Module_State_clockQ__O)
                  0000ef5c    00000004     mss_per4ft.oer4ft (.const:ti_sysbios_knl_Clock_Module__diagsEnabled__C)
                  0000ef60    00000004     mss_per4ft.oer4ft (.const:ti_sysbios_knl_Clock_Module__diagsIncluded__C)
                  0000ef64    00000004     mss_per4ft.oer4ft (.const:ti_sysbios_knl_Clock_Module__diagsMask__C)
                  0000ef68    00000004     mss_per4ft.oer4ft (.const:ti_sysbios_knl_Clock_Module__loggerFxn1__C)
                  0000ef6c    00000004     mss_per4ft.oer4ft (.const:ti_sysbios_knl_Clock_Module__loggerFxn2__C)
                  0000ef70    00000004     mss_per4ft.oer4ft (.const:ti_sysbios_knl_Clock_Module__loggerObj__C)
                  0000ef74    00000004     mss_per4ft.oer4ft (.const:ti_sysbios_knl_Semaphore_A_badContext__C)
                  0000ef78    00000004     mss_per4ft.oer4ft (.const:ti_sysbios_knl_Semaphore_A_noEvents__C)
                  0000ef7c    00000004     mss_per4ft.oer4ft (.const:ti_sysbios_knl_Semaphore_A_overflow__C)
                  0000ef80    00000004     mss_per4ft.oer4ft (.const:ti_sysbios_knl_Semaphore_A_pendTaskDisabled__C)
                  0000ef84    00000004     mss_per4ft.oer4ft (.const:ti_sysbios_knl_Semaphore_Instance_State_pendQ__O)
                  0000ef88    00000004     mss_per4ft.oer4ft (.const:ti_sysbios_knl_Semaphore_LM_pend__C)
                  0000ef8c    00000004     mss_per4ft.oer4ft (.const:ti_sysbios_knl_Semaphore_LM_post__C)
                  0000ef90    00000004     mss_per4ft.oer4ft (.const:ti_sysbios_knl_Semaphore_Module__diagsEnabled__C)
                  0000ef94    00000004     mss_per4ft.oer4ft (.const:ti_sysbios_knl_Semaphore_Module__diagsIncluded__C)
                  0000ef98    00000004     mss_per4ft.oer4ft (.const:ti_sysbios_knl_Semaphore_Module__diagsMask__C)
                  0000ef9c    00000004     mss_per4ft.oer4ft (.const:ti_sysbios_knl_Semaphore_Module__loggerFxn2__C)
                  0000efa0    00000004     mss_per4ft.oer4ft (.const:ti_sysbios_knl_Semaphore_Module__loggerFxn4__C)
                  0000efa4    00000004     mss_per4ft.oer4ft (.const:ti_sysbios_knl_Semaphore_Module__loggerObj__C)
                  0000efa8    00000004     mss_per4ft.oer4ft (.const:ti_sysbios_knl_Task_E_spOutOfBounds__C)
                  0000efac    00000004     mss_per4ft.oer4ft (.const:ti_sysbios_knl_Task_E_stackOverflow__C)
                  0000efb0    00000004     mss_per4ft.oer4ft (.const:ti_sysbios_knl_Task_LD_block__C)
                  0000efb4    00000004     mss_per4ft.oer4ft (.const:ti_sysbios_knl_Task_LD_exit__C)
                  0000efb8    00000004     mss_per4ft.oer4ft (.const:ti_sysbios_knl_Task_LD_ready__C)
                  0000efbc    00000004     mss_per4ft.oer4ft (.const:ti_sysbios_knl_Task_LM_switch__C)
                  0000efc0    00000004     mss_per4ft.oer4ft (.const:ti_sysbios_knl_Task_Module_State_inactiveQ__O)
                  0000efc4    00000004     mss_per4ft.oer4ft (.const:ti_sysbios_knl_Task_Module__diagsEnabled__C)
                  0000efc8    00000004     mss_per4ft.oer4ft (.const:ti_sysbios_knl_Task_Module__diagsIncluded__C)
                  0000efcc    00000004     mss_per4ft.oer4ft (.const:ti_sysbios_knl_Task_Module__diagsMask__C)
                  0000efd0    00000004     mss_per4ft.oer4ft (.const:ti_sysbios_knl_Task_Module__loggerFxn2__C)
                  0000efd4    00000004     mss_per4ft.oer4ft (.const:ti_sysbios_knl_Task_Module__loggerFxn4__C)
                  0000efd8    00000004     mss_per4ft.oer4ft (.const:ti_sysbios_knl_Task_Module__loggerObj__C)
                  0000efdc    00000004     mss_per4ft.oer4ft (.const:ti_sysbios_knl_Task_Object__count__C)
                  0000efe0    00000004     mss_per4ft.oer4ft (.const:ti_sysbios_knl_Task_Object__heap__C)
                  0000efe4    00000004     mss_per4ft.oer4ft (.const:ti_sysbios_knl_Task_allBlockedFunc__C)
                  0000efe8    00000004     mss_per4ft.oer4ft (.const:ti_sysbios_knl_Task_numConstructedTasks__C)
                  0000efec    00000004     mss_per4ft.oer4ft (.const:ti_sysbios_timers_rti_Timer_E_cannotSupport__C)
                  0000eff0    00000004     mss_per4ft.oer4ft (.const:ti_sysbios_timers_rti_Timer_Module__diagsEnabled__C)
                  0000eff4    00000004     mss_per4ft.oer4ft (.const:ti_sysbios_timers_rti_Timer_Module__diagsIncluded__C)
                  0000eff8    00000004     mss_per4ft.oer4ft (.const:ti_sysbios_timers_rti_Timer_Module__diagsMask__C)
                  0000effc    00000004     mss_per4ft.oer4ft (.const:ti_sysbios_timers_rti_Timer_numTimerDevices__C)
                  0000f000    00000004     mss_per4ft.oer4ft (.const:ti_sysbios_timers_rti_Timer_startupNeeded__C)
                  0000f004    00000004     mss_per4ft.oer4ft (.const:ti_sysbios_utils_Load_LS_cpuLoad__C)
                  0000f008    00000004     mss_per4ft.oer4ft (.const:ti_sysbios_utils_Load_LS_taskLoad__C)
                  0000f00c    00000004     mss_per4ft.oer4ft (.const:ti_sysbios_utils_Load_Module_State_taskList__O)
                  0000f010    00000004     mss_per4ft.oer4ft (.const:ti_sysbios_utils_Load_Module__diagsEnabled__C)
                  0000f014    00000004     mss_per4ft.oer4ft (.const:ti_sysbios_utils_Load_Module__diagsIncluded__C)
                  0000f018    00000004     mss_per4ft.oer4ft (.const:ti_sysbios_utils_Load_Module__diagsMask__C)
                  0000f01c    00000004     mss_per4ft.oer4ft (.const:ti_sysbios_utils_Load_Module__loggerFxn1__C)
                  0000f020    00000004     mss_per4ft.oer4ft (.const:ti_sysbios_utils_Load_Module__loggerFxn4__C)
                  0000f024    00000004     mss_per4ft.oer4ft (.const:ti_sysbios_utils_Load_Module__loggerObj__C)
                  0000f028    00000004     mss_per4ft.oer4ft (.const:ti_sysbios_utils_Load_postUpdate__C)
                  0000f02c    00000004     mss_per4ft.oer4ft (.const:ti_sysbios_utils_Load_windowInMs__C)
                  0000f030    00000004     mss_per4ft.oer4ft (.const:xdc_runtime_Assert_E_assertFailed__C)
                  0000f034    00000004     mss_per4ft.oer4ft (.const:xdc_runtime_Core_A_initializedParams__C)
                  0000f038    00000004     mss_per4ft.oer4ft (.const:xdc_runtime_Core_Module__diagsEnabled__C)
                  0000f03c    00000004     mss_per4ft.oer4ft (.const:xdc_runtime_Core_Module__diagsIncluded__C)
                  0000f040    00000004     mss_per4ft.oer4ft (.const:xdc_runtime_Core_Module__diagsMask__C)
                  0000f044    00000004     mss_per4ft.oer4ft (.const:xdc_runtime_Error_E_memory__C)
                  0000f048    00000004     mss_per4ft.oer4ft (.const:xdc_runtime_Error_Module__diagsEnabled__C)
                  0000f04c    00000004     mss_per4ft.oer4ft (.const:xdc_runtime_Error_Module__diagsIncluded__C)
                  0000f050    00000004     mss_per4ft.oer4ft (.const:xdc_runtime_Error_Module__diagsMask__C)
                  0000f054    00000004     mss_per4ft.oer4ft (.const:xdc_runtime_Error_Module__loggerFxn8__C)
                  0000f058    00000004     mss_per4ft.oer4ft (.const:xdc_runtime_Error_Module__loggerObj__C)
                  0000f05c    00000004     mss_per4ft.oer4ft (.const:xdc_runtime_Error_policyFxn__C)
                  0000f060    00000004     mss_per4ft.oer4ft (.const:xdc_runtime_Error_policy__C)
                  0000f064    00000004     mss_per4ft.oer4ft (.const:xdc_runtime_Error_raiseHook__C)
                  0000f068    00000004     mss_per4ft.oer4ft (.const:xdc_runtime_IGateProvider_Interface__BASE__C)
                  0000f06c    00000004     mss_per4ft.oer4ft (.const:xdc_runtime_IHeap_Interface__BASE__C)
                  0000f070    00000004     mss_per4ft.oer4ft (.const:xdc_runtime_IModule_Interface__BASE__C)
                  0000f074    00000004     mss_per4ft.oer4ft (.const:xdc_runtime_Log_L_error__C)
                  0000f078    00000004     mss_per4ft.oer4ft (.const:xdc_runtime_Memory_defaultHeapInstance__C)
                  0000f07c    00000004     mss_per4ft.oer4ft (.const:xdc_runtime_Startup_execImpl__C)
                  0000f080    00000004     mss_per4ft.oer4ft (.const:xdc_runtime_Startup_maxPasses__C)
                  0000f084    00000004     mss_per4ft.oer4ft (.const:xdc_runtime_Startup_sfxnRts__C)
                  0000f088    00000004     mss_per4ft.oer4ft (.const:xdc_runtime_Startup_sfxnTab__C)
                  0000f08c    00000004     mss_per4ft.oer4ft (.const:xdc_runtime_System_Module__gateObj__C)
                  0000f090    00000004     mss_per4ft.oer4ft (.const:xdc_runtime_System_abortFxn__C)
                  0000f094    00000004     mss_per4ft.oer4ft (.const:xdc_runtime_System_exitFxn__C)
                  0000f098    00000004     mss_per4ft.oer4ft (.const:xdc_runtime_System_extendFxn__C)
                  0000f09c    00000004     mss_per4ft.oer4ft (.const:xdc_runtime_System_maxAtexitHandlers__C)
                  0000f0a0    00000004     mss_per4ft.oer4ft (.const:xdc_runtime_Text_charTab__C)
                  0000f0a4    00000004     mss_per4ft.oer4ft (.const:xdc_runtime_Text_nameEmpty__C)
                  0000f0a8    00000004     mss_per4ft.oer4ft (.const:xdc_runtime_Text_nameStatic__C)
                  0000f0ac    00000004     mss_per4ft.oer4ft (.const:xdc_runtime_Text_nameUnknown__C)
                  0000f0b0    00000004     mss_per4ft.oer4ft (.const:xdc_runtime_Text_visitRopeFxn__C)
                  0000f0b4    00000002     mss_per4ft.oer4ft (.const:ti_sysbios_family_arm_v7r_tms570_Core_Module__id__C)
                  0000f0b6    00000002     mss_per4ft.oer4ft (.const:ti_sysbios_family_arm_v7r_vim_Hwi_Module__id__C)
                  0000f0b8    00000002     mss_per4ft.oer4ft (.const:ti_sysbios_family_arm_v7r_vim_Hwi_Module__loggerDefined__C)
                  0000f0ba    00000002     mss_per4ft.oer4ft (.const:ti_sysbios_gates_GateMutex_Module__id__C)
                  0000f0bc    00000002     mss_per4ft.oer4ft (.const:ti_sysbios_hal_Hwi_Module__id__C)
                  0000f0be    00000002     mss_per4ft.oer4ft (.const:ti_sysbios_heaps_HeapMem_Module__id__C)
                  0000f0c0    00000002     mss_per4ft.oer4ft (.const:ti_sysbios_knl_Clock_Module__id__C)
                  0000f0c2    00000002     mss_per4ft.oer4ft (.const:ti_sysbios_knl_Clock_Module__loggerDefined__C)
                  0000f0c4    00000002     mss_per4ft.oer4ft (.const:ti_sysbios_knl_Semaphore_Module__id__C)
                  0000f0c6    00000002     mss_per4ft.oer4ft (.const:ti_sysbios_knl_Semaphore_Module__loggerDefined__C)
                  0000f0c8    00000002     mss_per4ft.oer4ft (.const:ti_sysbios_knl_Task_Module__id__C)
                  0000f0ca    00000002     mss_per4ft.oer4ft (.const:ti_sysbios_knl_Task_Module__loggerDefined__C)
                  0000f0cc    00000002     mss_per4ft.oer4ft (.const:ti_sysbios_timers_rti_Timer_Module__id__C)
                  0000f0ce    00000002     mss_per4ft.oer4ft (.const:ti_sysbios_timers_rti_Timer_continueOnSuspend__C)
                  0000f0d0    00000002     mss_per4ft.oer4ft (.const:ti_sysbios_utils_Load_Module__id__C)
                  0000f0d2    00000002     mss_per4ft.oer4ft (.const:ti_sysbios_utils_Load_Module__loggerDefined__C)
                  0000f0d4    00000002     mss_per4ft.oer4ft (.const:ti_sysbios_utils_Load_autoAddTasks__C)
                  0000f0d6    00000002     mss_per4ft.oer4ft (.const:ti_sysbios_utils_Load_updateInIdle__C)
                  0000f0d8    00000002     mss_per4ft.oer4ft (.const:xdc_runtime_Core_Module__id__C)
                  0000f0da    00000002     mss_per4ft.oer4ft (.const:xdc_runtime_Error_Module__loggerDefined__C)
                  0000f0dc    00000002     mss_per4ft.oer4ft (.const:xdc_runtime_Error_maxDepth__C)
                  0000f0de    00000002     mss_per4ft.oer4ft (.const:xdc_runtime_Main_Module__id__C)
                  0000f0e0    00000002     mss_per4ft.oer4ft (.const:xdc_runtime_Memory_Module__id__C)
                  0000f0e2    00000002     mss_per4ft.oer4ft (.const:xdc_runtime_Text_charCnt__C)
                  0000f0e4    00000002     mss_per4ft.oer4ft (.const:xdc_runtime_Text_isLoaded__C)
                  0000f0e6    00000002     mss_per4ft.oer4ft (.const:xdc_runtime_Text_registryModsLastId__C)
                  0000f0e8    00000002     mss_per4ft.oer4ft (.const:xdc_runtime_Text_unnamedModsLastId__C)

.cinit     0    0000f0f0    00000270     
                  0000f0f0    00000219     (.cinit..data.load) [load image, compression = lzss]
                  0000f309    00000003     --HOLE-- [fill = 0]
                  0000f30c    0000000c     (__TI_handler_table)
                  0000f318    00000008     (.cinit..MCPILogBuffer.load) [load image, compression = zero_init]
                  0000f320    00000008     (.cinit..bss.load) [load image, compression = zero_init]
                  0000f328    00000008     (.cinit..myFiqStack.load) [load image, compression = zero_init]
                  0000f330    00000008     (.cinit..systemHeap.load) [load image, compression = zero_init]
                  0000f338    00000028     (__TI_cinit_table)

.systemHeap 
*          0    08000000    0000c000     UNINITIALIZED
                  08000000    0000c000     mss_per4ft.oer4ft (.systemHeap)

.myFiqStack 
*          0    08011550    00000800     UNINITIALIZED
                  08011550    00000800     mss_per4ft.oer4ft (.myFiqStack)

xdc.meta   0    00000000    0000010c     COPY SECTION
                  00000000    0000010c     mss_per4ft.oer4ft (xdc.meta)

xdc.noload 
*          0    00000000    00000000     COPY SECTION

.bss       0    0800c000    00004c98     UNINITIALIZED
                  0800c000    00003200     (.common:pointCloud)
                  0800f200    00001000     (.common:ti_sysbios_family_arm_exc_Exception_Module_State_0_excStack_0__A)
                  08010200    000005a0     (.common:targetDescr)
                  080107a0    00000320     mss_per4ft.oer4ft (.bss:taskStackSection)
                  08010ac0    00000120     rtsv7R4_T_le_v3D16_eabi.lib : trgmsg.obj (.bss:_CIOBUF_)
                  08010be0    000000a0     (.common:__TI_tmpnams)
                  08010c80    00000008     (.common:parmbuf)
                  08010c88    00000004     (.common:cycles)
                  08010c8c    00000004     (.common:t1)
                  08010c90    00000004     (.common:t2)
                  08010c94    00000004     (.common:ti_sysbios_knl_Task_Instance_State_0_hookEnv__A)

.data      0    08010c98    000008b8     UNINITIALIZED
                  08010c98    00000200     mss_per4ft.oer4ft (.data:ti_sysbios_family_arm_v7r_vim_Hwi_Module_State_0_dispatchTable__A)
                  08010e98    000000f0     rtsv7R4_T_le_v3D16_eabi.lib : defs.obj (.data:_ftable)
                  08010f88    00000098     mss_per4ft.oer4ft (.data:ti_sysbios_utils_Load_Module__state__V)
                  08011020    00000080     mss_per4ft.oer4ft (.data:ti_sysbios_knl_Task_Module_State_0_readyQ__A)
                  080110a0    00000078     rtsv7R4_T_le_v3D16_eabi.lib : write.obj (.data:_device)
                  08011118    00000050                                 : write.obj (.data:_stream)
                  08011168    0000004c     mss_per4ft.oer4ft (.data:ti_sysbios_knl_Task_Object__table__V)
                  080111b4    00000048     functional_gtracker_test.oer4f (.data:appSceneryParams)
                  080111fc    00000044     mss_per4ft.oer4ft (.data:ti_sysbios_knl_Task_Module__state__V)
                  08011240    00000040     mss_per4ft.oer4ft (.data:ti_sysbios_gates_GateMutex_Object__table__V)
                  08011280    0000003c     mss_per4ft.oer4ft (.data:ti_sysbios_timers_rti_Timer_Object__table__V)
                  080112bc    00000034     mss_per4ft.oer4ft (.data:ti_sysbios_family_arm_v7r_vim_Hwi_Module__state__V)
                  080112f0    0000002c     mss_per4ft.oer4ft (.data:ti_sysbios_family_arm_v7r_vim_Hwi_Object__table__V)
                  0801131c    0000002c     mss_per4ft.oer4ft (.data:ti_sysbios_knl_Clock_Module__state__V)
                  08011348    00000024     mss_per4ft.oer4ft (.data:ti_sysbios_BIOS_Module__state__V)
                  0801136c    00000020     mss_per4ft.oer4ft (.data:ti_sysbios_knl_Clock_Object__table__V)
                  0801138c    00000020     mss_per4ft.oer4ft (.data:xdc_runtime_Error_IgnoreBlock)
                  080113ac    00000020     mss_per4ft.oer4ft (.data:xdc_runtime_System_Module_State_0_atexitHandlers__A)
                  080113cc    0000001c     mss_per4ft.oer4ft (.data:ti_sysbios_utils_Load_Module_State_0_taskEnv__A)
                  080113e8    00000018     functional_gtracker_test.oer4f (.data:appAllocationParams)
                  08011400    00000018     mss_per4ft.oer4ft (.data:ti_sysbios_heaps_HeapMem_Object__table__V)
                  08011418    00000018     mss_per4ft.oer4ft (.data:ti_sysbios_timers_rti_Timer_Module_State_0_device__A)
                  08011430    00000014     mss_per4ft.oer4ft (.data:ti_sysbios_family_arm_exc_Exception_Module__state__V)
                  08011444    00000010     functional_gtracker_test.oer4f (.data:appGatingParams)
                  08011454    00000010     rtsv7R4_T_le_v3D16_eabi.lib : defs.obj (.data)
                  08011464    00000010     mss_per4ft.oer4ft (.data:ti_sysbios_timers_rti_Timer_Module_State_0_intFreqs__A)
                  08011474    00000010     mss_per4ft.oer4ft (.data:ti_sysbios_timers_rti_Timer_Module__state__V)
                  08011484    0000000c     libtestlogger_xwr16xx.aer4f : logger.oer4f (.data:$O1$$)
                  08011490    0000000c     rtsv7R4_T_le_v3D16_eabi.lib : exit.obj (.data:$O1$$)
                  0801149c    0000000c     functional_gtracker_test.oer4f (.data:appStdSigma)
                  080114a8    0000000c     mss_per4ft.oer4ft (.data:ti_sysbios_family_arm_v7a_Pmu_Module__state__V)
                  080114b4    00000008     rtsv7R4_T_le_v3D16_eabi.lib : _lock.obj (.data:$O1$$)
                  080114bc    00000008     mss_per4ft.oer4ft (.data:ti_sysbios_gates_GateHwi_Module__root__V)
                  080114c4    00000008     mss_per4ft.oer4ft (.data:ti_sysbios_gates_GateMutex_Module__root__V)
                  080114cc    00000008     mss_per4ft.oer4ft (.data:ti_sysbios_hal_Hwi_Object__table__V)
                  080114d4    00000008     mss_per4ft.oer4ft (.data:ti_sysbios_heaps_HeapMem_Module__root__V)
                  080114dc    00000008     mss_per4ft.oer4ft (.data:ti_sysbios_knl_Queue_Module__root__V)
                  080114e4    00000008     mss_per4ft.oer4ft (.data:ti_sysbios_knl_Semaphore_Module__root__V)
                  080114ec    00000008     mss_per4ft.oer4ft (.data:ti_sysbios_timers_rti_Timer_Module_State_0_handles__A)
                  080114f4    00000008     mss_per4ft.oer4ft (.data:xdc_runtime_Registry_Module__state__V)
                  080114fc    00000008     mss_per4ft.oer4ft (.data:xdc_runtime_Startup_Module__state__V)
                  08011504    00000008     mss_per4ft.oer4ft (.data:xdc_runtime_System_Module__state__V)
                  0801150c    00000004     functional_gtracker_test.oer4f (.data)
                  08011510    00000004     gtrackAlloc.oer4f (.data)
                  08011514    00000004     rtsv7R4_T_le_v3D16_eabi.lib : errno.obj (.data)
                  08011518    00000004                                 : fopen.obj (.data)
                  0801151c    00000004                                 : open.obj (.data)
                  08011520    00000004                                 : stkdepth_vars.obj (.data)
                  08011524    00000004     mss_per4ft.oer4ft (.data:ti_sysbios_family_arm_a15_TimestampProvider_Module__state__V)
                  08011528    00000004     mss_per4ft.oer4ft (.data:ti_sysbios_family_arm_exc_Exception_Module_State_0_excContext__A)
                  0801152c    00000004     mss_per4ft.oer4ft (.data:ti_sysbios_family_arm_exc_Exception_Module_State_0_excStackBuffers__A)
                  08011530    00000004     mss_per4ft.oer4ft (.data:ti_sysbios_family_arm_exc_Exception_Module_State_0_excStack__A)
                  08011534    00000004     mss_per4ft.oer4ft (.data:ti_sysbios_gates_GateHwi_Object__table__V)
                  08011538    00000004     mss_per4ft.oer4ft (.data:ti_sysbios_heaps_HeapBuf_Module__state__V)
                  0801153c    00000004     mss_per4ft.oer4ft (.data:ti_sysbios_knl_Task_Module_State_0_idleTask__A)
                  08011540    00000004     mss_per4ft.oer4ft (.data:ti_sysbios_utils_Load_Module_State_0_runningTask__A)
                  08011544    00000004     mss_per4ft.oer4ft (.data:ti_sysbios_utils_Load_Module_State_0_taskStartTime__A)
                  08011548    00000004     mss_per4ft.oer4ft (.data:xdc_runtime_Memory_Module__state__V)
                  0801154c    00000002     mss_per4ft.oer4ft (.data:ti_sysbios_family_arm_exc_Exception_Module_State_0_excActive__A)
                  0801154e    00000002     mss_per4ft.oer4ft (.data:xdc_runtime_Error_Module__state__V)

.stack     0    08011d60    000004b0     UNINITIALIZED
                  08011d60    000004b0     --HOLE--

.MCPILogBuffer 
*          0    51000000    00002400     UNINITIALIZED
                  51000000    00002400     functional_gtracker_test.oer4f (.MCPILogBuffer)

MODULE SUMMARY

       Module                           code    ro data   rw data
       ------                           ----    -------   -------
    C:\ti\mmwave_sdk_02_00_00_04\packages\ti\alg\gtrack\test\xwr16xx\functional\mss_configPkg_xwr16xx\package\cfg\
       mss_per4ft.oer4ft                1346    1469      57696  
    +--+--------------------------------+-------+---------+---------+
       Total:                           1346    1469      57696  
                                                                 
    obj_xwr16xx\
       functional_gtracker_test.oer4f   1704    0         23584  
       benchmark_gtrack.oer4f           828     0         12     
       main_gtrackerMss_test.oer4f      180     0         0      
       gtrackAlloc.oer4f                72      0         4      
       gtrackLog.oer4f                  40      0         0      
    +--+--------------------------------+-------+---------+---------+
       Total:                           2824    0         23600  
                                                                 
    C:/ti/mmwave_sdk_02_00_00_04/packages/ti/drivers/osal/lib/libosal_xwr16xx.aer4f
       MemoryP_tirtos.oer4f             28      0         0      
       DebugP_tirtos.oer4f              20      0         0      
    +--+--------------------------------+-------+---------+---------+
       Total:                           48      0         0      
                                                                 
    C:/ti/mmwave_sdk_02_00_00_04/packages/ti/utils/testlogger/lib/libtestlogger_xwr16xx.aer4f
       logger.oer4f                     344     0         12     
    +--+--------------------------------+-------+---------+---------+
       Total:                           344     0         12     
                                                                 
    C:/ti/ti-cgt-arm_16.9.6.LTS/lib/rtsv7R4_T_le_v3D16_eabi.lib
       _printfi.obj                     4218    0         0      
       _scanfi.obj                      2200    16        0      
       s_cosf.obj                       1912    0         0      
       k_rem_pio2.obj                   1532    344       0      
       s_sinf.obj                       1764    0         0      
       e_powf.obj                       1424    24        0      
       s_tanf.obj                       788     48        0      
       ull_div32.obj                    696     0         0      
       strtod.obj                       484     152       0      
       e_logf.obj                       484     0         0      
       strtoll.obj                      484     0         0      
       fscanf.obj                       464     0         0      
       fopen.obj                        456     0         4      
       defs.obj                         0       0         416    
       trgmsg.obj                       108     0         288    
       s_atanf.obj                      340     52        0      
       strtoull.obj                     356     0         0      
       fputs.obj                        312     0         0      
       strtol.obj                       304     0         0      
       strtoul.obj                      272     0         0      
       ctype.obj                        0       257       0      
       write.obj                        40      0         200    
       s_scalbn.obj                     236     0         0      
       s_floor.obj                      224     0         0      
       setvbuf.obj                      220     0         0      
       s_scalbnf.obj                    212     0         0      
       fflush.obj                       204     0         0      
       open.obj                         188     0         4      
       _io_perm.obj                     174     0         0      
       _bufread.obj                     156     0         0      
       memcpy_t2.obj                    156     0         0      
       fclose.obj                       152     0         0      
       fputc.obj                        152     0         0      
       snprintf.obj                     148     0         0      
       fgetc.obj                        144     0         0      
       ungetc.obj                       128     0         0      
[...]
0000eeb4  ti_sysbios_family_arm_v7r_vim_Hwi_A_badChannelId__C                  
0000eeb8  ti_sysbios_family_arm_v7r_vim_Hwi_E_phantomInterrupt__C              
0000eebc  ti_sysbios_family_arm_v7r_vim_Hwi_E_undefined__C                     
0000eec0  ti_sysbios_family_arm_v7r_vim_Hwi_LD_end__C                          
0000eec4  ti_sysbios_family_arm_v7r_vim_Hwi_LM_begin__C                        
0000eec8  ti_sysbios_family_arm_v7r_vim_Hwi_Module__diagsEnabled__C            
0000eecc  ti_sysbios_family_arm_v7r_vim_Hwi_Module__diagsIncluded__C           
0000eed0  ti_sysbios_family_arm_v7r_vim_Hwi_Module__diagsMask__C               
0000eed4  ti_sysbios_family_arm_v7r_vim_Hwi_Module__loggerFxn1__C              
0000eed8  ti_sysbios_family_arm_v7r_vim_Hwi_Module__loggerFxn8__C              
0000eedc  ti_sysbios_family_arm_v7r_vim_Hwi_Module__loggerObj__C               
0000eee0  ti_sysbios_family_arm_v7r_vim_Hwi_NUM_INTERRUPTS__C                  
0000eee4  ti_sysbios_family_arm_v7r_vim_Hwi_channelMap__C                      
0000eee8  ti_sysbios_family_arm_v7r_vim_Hwi_intReqEnaSet__C                    
0000eeec  ti_sysbios_family_arm_v7r_vim_Hwi_phantomFunc__C                     
0000eef0  ti_sysbios_family_arm_v7r_vim_Hwi_taskDisable__C                     
0000eef4  ti_sysbios_family_arm_v7r_vim_Hwi_taskRestoreHwi__C                  
0000eef8  ti_sysbios_family_arm_v7r_vim_Hwi_wakeEnaSet__C                      
0000eefc  ti_sysbios_gates_GateMutex_A_badContext__C                           
0000ef00  ti_sysbios_gates_GateMutex_Instance_State_sem__O                     
0000ef04  ti_sysbios_gates_GateMutex_Module__diagsEnabled__C                   
0000ef08  ti_sysbios_gates_GateMutex_Module__diagsIncluded__C                  
0000ef0c  ti_sysbios_gates_GateMutex_Module__diagsMask__C                      
0000ef10  ti_sysbios_hal_Hwi_E_stackOverflow__C                                
0000ef14  ti_sysbios_heaps_HeapBuf_Instance_State_freeList__O                  
0000ef18  ti_sysbios_heaps_HeapBuf_Object__count__C                            
0000ef1c  ti_sysbios_heaps_HeapBuf_numConstructedHeaps__C                      
0000ef20  ti_sysbios_heaps_HeapMem_A_align__C                                  
0000ef24  ti_sysbios_heaps_HeapMem_A_heapSize__C                               
0000ef28  ti_sysbios_heaps_HeapMem_A_invalidFree__C                            
0000ef2c  ti_sysbios_heaps_HeapMem_A_zeroBlock__C                              
0000ef30  ti_sysbios_heaps_HeapMem_E_memory__C                                 
0000ef34  ti_sysbios_heaps_HeapMem_Module__diagsEnabled__C                     
0000ef38  ti_sysbios_heaps_HeapMem_Module__diagsIncluded__C                    
0000ef3c  ti_sysbios_heaps_HeapMem_Module__diagsMask__C                        
0000ef40  ti_sysbios_heaps_HeapMem_Module__gateObj__C                          
0000ef44  ti_sysbios_heaps_HeapMem_Object__count__C                            
0000ef48  ti_sysbios_heaps_HeapMem_reqAlign__C                                 
0000ef4c  ti_sysbios_knl_Clock_LM_begin__C                                     
0000ef50  ti_sysbios_knl_Clock_LM_tick__C                                      
0000ef54  ti_sysbios_knl_Clock_LW_delayed__C                                   
0000ef58  ti_sysbios_knl_Clock_Module_State_clockQ__O                          
0000ef5c  ti_sysbios_knl_Clock_Module__diagsEnabled__C                         
0000ef60  ti_sysbios_knl_Clock_Module__diagsIncluded__C                        
0000ef64  ti_sysbios_knl_Clock_Module__diagsMask__C                            
0000ef68  ti_sysbios_knl_Clock_Module__loggerFxn1__C                           
0000ef6c  ti_sysbios_knl_Clock_Module__loggerFxn2__C                           
0000ef70  ti_sysbios_knl_Clock_Module__loggerObj__C                            
0000ef74  ti_sysbios_knl_Semaphore_A_badContext__C                             
0000ef78  ti_sysbios_knl_Semaphore_A_noEvents__C                               
0000ef7c  ti_sysbios_knl_Semaphore_A_overflow__C                               
0000ef80  ti_sysbios_knl_Semaphore_A_pendTaskDisabled__C                       
0000ef84  ti_sysbios_knl_Semaphore_Instance_State_pendQ__O                     
0000ef88  ti_sysbios_knl_Semaphore_LM_pend__C                                  
0000ef8c  ti_sysbios_knl_Semaphore_LM_post__C                                  
0000ef90  ti_sysbios_knl_Semaphore_Module__diagsEnabled__C                     
0000ef94  ti_sysbios_knl_Semaphore_Module__diagsIncluded__C                    
0000ef98  ti_sysbios_knl_Semaphore_Module__diagsMask__C                        
0000ef9c  ti_sysbios_knl_Semaphore_Module__loggerFxn2__C                       
0000efa0  ti_sysbios_knl_Semaphore_Module__loggerFxn4__C                       
0000efa4  ti_sysbios_knl_Semaphore_Module__loggerObj__C                        
0000efa8  ti_sysbios_knl_Task_E_spOutOfBounds__C                               
0000efac  ti_sysbios_knl_Task_E_stackOverflow__C                               
0000efb0  ti_sysbios_knl_Task_LD_block__C                                      
0000efb4  ti_sysbios_knl_Task_LD_exit__C                                       
0000efb8  ti_sysbios_knl_Task_LD_ready__C                                      
0000efbc  ti_sysbios_knl_Task_LM_switch__C                                     
0000efc0  ti_sysbios_knl_Task_Module_State_inactiveQ__O                        
0000efc4  ti_sysbios_knl_Task_Module__diagsEnabled__C                          
0000efc8  ti_sysbios_knl_Task_Module__diagsIncluded__C                         
0000efcc  ti_sysbios_knl_Task_Module__diagsMask__C                             
0000efd0  ti_sysbios_knl_Task_Module__loggerFxn2__C                            
0000efd4  ti_sysbios_knl_Task_Module__loggerFxn4__C                            
0000efd8  ti_sysbios_knl_Task_Module__loggerObj__C                             
0000efdc  ti_sysbios_knl_Task_Object__count__C                                 
0000efe0  ti_sysbios_knl_Task_Object__heap__C                                  
0000efe4  ti_sysbios_knl_Task_allBlockedFunc__C                                
0000efe8  ti_sysbios_knl_Task_numConstructedTasks__C                           
0000efec  ti_sysbios_timers_rti_Timer_E_cannotSupport__C                       
0000eff0  ti_sysbios_timers_rti_Timer_Module__diagsEnabled__C                  
0000eff4  ti_sysbios_timers_rti_Timer_Module__diagsIncluded__C                 
0000eff8  ti_sysbios_timers_rti_Timer_Module__diagsMask__C                     
0000effc  ti_sysbios_timers_rti_Timer_numTimerDevices__C                       
0000f000  ti_sysbios_timers_rti_Timer_startupNeeded__C                         
0000f004  ti_sysbios_utils_Load_LS_cpuLoad__C                                  
0000f008  ti_sysbios_utils_Load_LS_taskLoad__C                                 
0000f00c  ti_sysbios_utils_Load_Module_State_taskList__O                       
0000f010  ti_sysbios_utils_Load_Module__diagsEnabled__C                        
0000f014  ti_sysbios_utils_Load_Module__diagsIncluded__C                       
0000f018  ti_sysbios_utils_Load_Module__diagsMask__C                           
0000f01c  ti_sysbios_utils_Load_Module__loggerFxn1__C                          
0000f020  ti_sysbios_utils_Load_Module__loggerFxn4__C                          
0000f024  ti_sysbios_utils_Load_Module__loggerObj__C                           
0000f028  ti_sysbios_utils_Load_postUpdate__C                                  
0000f02c  ti_sysbios_utils_Load_windowInMs__C                                  
0000f030  xdc_runtime_Assert_E_assertFailed__C                                 
0000f034  xdc_runtime_Core_A_initializedParams__C                              
0000f038  xdc_runtime_Core_Module__diagsEnabled__C                             
0000f03c  xdc_runtime_Core_Module__diagsIncluded__C                            
0000f040  xdc_runtime_Core_Module__diagsMask__C                                
0000f044  xdc_runtime_Error_E_memory__C                                        
0000f048  xdc_runtime_Error_Module__diagsEnabled__C                            
0000f04c  xdc_runtime_Error_Module__diagsIncluded__C                           
0000f050  xdc_runtime_Error_Module__diagsMask__C                               
0000f054  xdc_runtime_Error_Module__loggerFxn8__C                              
0000f058  xdc_runtime_Error_Module__loggerObj__C                               
0000f05c  xdc_runtime_Error_policyFxn__C                                       
0000f060  xdc_runtime_Error_policy__C                                          
0000f064  xdc_runtime_Error_raiseHook__C                                       
0000f068  xdc_runtime_IGateProvider_Interface__BASE__C                         
0000f06c  xdc_runtime_IHeap_Interface__BASE__C                                 
0000f070  xdc_runtime_IModule_Interface__BASE__C                               
0000f074  xdc_runtime_Log_L_error__C                                           
0000f078  xdc_runtime_Memory_defaultHeapInstance__C                            
0000f07c  xdc_runtime_Startup_execImpl__C                                      
0000f080  xdc_runtime_Startup_maxPasses__C                                     
0000f084  xdc_runtime_Startup_sfxnRts__C                                       
0000f088  xdc_runtime_Startup_sfxnTab__C                                       
0000f08c  xdc_runtime_System_Module__gateObj__C                                
0000f090  xdc_runtime_System_abortFxn__C                                       
0000f094  xdc_runtime_System_exitFxn__C                                        
0000f098  xdc_runtime_System_extendFxn__C                                      
0000f09c  xdc_runtime_System_maxAtexitHandlers__C                              
0000f0a0  xdc_runtime_Text_charTab__C                                          
0000f0a4  xdc_runtime_Text_nameEmpty__C                                        
0000f0a8  xdc_runtime_Text_nameStatic__C                                       
0000f0ac  xdc_runtime_Text_nameUnknown__C                                      
0000f0b0  xdc_runtime_Text_visitRopeFxn__C                                     
0000f0b4  ti_sysbios_family_arm_v7r_tms570_Core_Module__id__C                  
0000f0b6  ti_sysbios_family_arm_v7r_vim_Hwi_Module__id__C                      
0000f0b8  ti_sysbios_family_arm_v7r_vim_Hwi_Module__loggerDefined__C           
0000f0ba  ti_sysbios_gates_GateMutex_Module__id__C                             
0000f0bc  ti_sysbios_hal_Hwi_Module__id__C                                     
0000f0be  ti_sysbios_heaps_HeapMem_Module__id__C                               
0000f0c0  ti_sysbios_knl_Clock_Module__id__C                                   
0000f0c2  ti_sysbios_knl_Clock_Module__loggerDefined__C                        
0000f0c4  ti_sysbios_knl_Semaphore_Module__id__C                               
0000f0c6  ti_sysbios_knl_Semaphore_Module__loggerDefined__C                    
0000f0c8  ti_sysbios_knl_Task_Module__id__C                                    
0000f0ca  ti_sysbios_knl_Task_Module__loggerDefined__C                         
0000f0cc  ti_sysbios_timers_rti_Timer_Module__id__C                            
0000f0ce  ti_sysbios_timers_rti_Timer_continueOnSuspend__C                     
0000f0d0  ti_sysbios_utils_Load_Module__id__C                                  
0000f0d2  ti_sysbios_utils_Load_Module__loggerDefined__C                       
0000f0d4  ti_sysbios_utils_Load_autoAddTasks__C                                
0000f0d6  ti_sysbios_utils_Load_updateInIdle__C                                
0000f0d8  xdc_runtime_Core_Module__id__C                                       
0000f0da  xdc_runtime_Error_Module__loggerDefined__C                           
0000f0dc  xdc_runtime_Error_maxDepth__C                                        
0000f0de  xdc_runtime_Main_Module__id__C                                       
0000f0e0  xdc_runtime_Memory_Module__id__C                                     
0000f0e2  xdc_runtime_Text_charCnt__C                                          
0000f0e4  xdc_runtime_Text_isLoaded__C                                         
0000f0e6  xdc_runtime_Text_registryModsLastId__C                               
0000f0e8  xdc_runtime_Text_unnamedModsLastId__C                                
0000f30c  __TI_Handler_Table_Base                                              
0000f318  __TI_Handler_Table_Limit                                             
0000f338  __TI_CINIT_Base                                                      
0000f360  __TI_CINIT_Limit                                                     
08000000  ti_sysbios_heaps_HeapMem_Instance_State_0_buf__A                     
0800c000  pointCloud                                                           
0800f200  ti_sysbios_family_arm_exc_Exception_Module_State_0_excStack_0__A     
08010200  targetDescr                                                          
080107a0  ti_sysbios_knl_Task_Instance_State_0_stack__A                        
08010ac0  __CIOBUF_                                                            
08010be0  __TI_tmpnams                                                         
08010c80  parmbuf                                                              
08010c88  cycles                                                               
08010c8c  t1                                                                   
08010c90  t2                                                                   
08010c94  ti_sysbios_knl_Task_Instance_State_0_hookEnv__A                      
08010c98  ti_sysbios_family_arm_v7r_vim_Hwi_Module_State_0_dispatchTable__A    
08010e98  _ftable                                                              
08010f88  ti_sysbios_utils_Load_Module__state__V                               
08011020  ti_sysbios_knl_Task_Module_State_0_readyQ__A                         
080110a0  _device                                                              
08011118  _stream                                                              
08011168  ti_sysbios_knl_Task_Object__table__V                                 
080111b4  appSceneryParams                                                     
080111fc  ti_sysbios_knl_Task_Module__state__V                                 
08011240  ti_sysbios_gates_GateMutex_Object__table__V                          
08011280  ti_sysbios_timers_rti_Timer_Object__table__V                         
080112bc  ti_sysbios_family_arm_v7r_vim_Hwi_Module__state__V                   
080112f0  ti_sysbios_family_arm_v7r_vim_Hwi_Object__table__V                   
0801131c  ti_sysbios_knl_Clock_Module__state__V                                
08011348  ti_sysbios_BIOS_Module__state__V                                     
0801136c  ti_sysbios_knl_Clock_Object__table__V                                
0801138c  xdc_runtime_Error_IgnoreBlock                                        
080113ac  xdc_runtime_System_Module_State_0_atexitHandlers__A                  
080113cc  ti_sysbios_utils_Load_Module_State_0_taskEnv__A                      
080113e8  appAllocationParams                                                  
08011400  ti_sysbios_heaps_HeapMem_Object__table__V                            
08011418  ti_sysbios_timers_rti_Timer_Module_State_0_device__A                 
08011430  ti_sysbios_family_arm_exc_Exception_Module__state__V                 
08011444  appGatingParams                                                      
08011454  __TI_ft_end                                                          
08011458  __aeabi_stdin                                                        
0801145c  __aeabi_stdout                                                       
08011460  __aeabi_stderr                                                       
08011464  ti_sysbios_timers_rti_Timer_Module_State_0_intFreqs__A               
08011474  ti_sysbios_timers_rti_Timer_Module__state__V                         
08011484  MCPI_Result                                                          
08011488  MCPI_FailSignature                                                   
08011490  __TI_cleanup_ptr                                                     
08011494  __TI_dtors_ptr                                                       
08011498  __TI_enable_exit_profile_output                                      
0801149c  appStdSigma                                                          
080114a8  ti_sysbios_family_arm_v7a_Pmu_Module__state__V                       
080114b4  _lock                                                                
080114b8  _unlock                                                              
080114bc  ti_sysbios_gates_GateHwi_Module__root__V                             
080114c4  ti_sysbios_gates_GateMutex_Module__root__V                           
080114cc  ti_sysbios_hal_Hwi_Object__table__V                                  
080114d4  ti_sysbios_heaps_HeapMem_Module__root__V                             
080114dc  ti_sysbios_knl_Queue_Module__root__V                                 
080114e4  ti_sysbios_knl_Semaphore_Module__root__V                             
080114ec  ti_sysbios_timers_rti_Timer_Module_State_0_handles__A                
080114f4  xdc_runtime_Registry_Module__state__V                                
080114fc  xdc_runtime_Startup_Module__state__V                                 
08011504  xdc_runtime_System_Module__state__V                                  
0801150c  gMCPILogMessageSize                                                  
08011510  memoryBytesUsed                                                      
08011514  errno                                                                
08011520  main_func_sp                                                         
08011524  ti_sysbios_family_arm_a15_TimestampProvider_Module__state__V         
08011528  ti_sysbios_family_arm_exc_Exception_Module_State_0_excContext__A     
0801152c  ti_sysbios_family_arm_exc_Exception_Module_State_0_excStackBuffers__A
08011530  ti_sysbios_family_arm_exc_Exception_Module_State_0_excStack__A       
08011534  ti_sysbios_gates_GateHwi_Object__table__V                            
08011538  ti_sysbios_heaps_HeapBuf_Module__state__V                            
0801153c  ti_sysbios_knl_Task_Module_State_0_idleTask__A                       
08011540  ti_sysbios_utils_Load_Module_State_0_runningTask__A                  
08011544  ti_sysbios_utils_Load_Module_State_0_taskStartTime__A                
08011548  xdc_runtime_Memory_Module__state__V                                  
0801154c  ti_sysbios_family_arm_exc_Exception_Module_State_0_excActive__A      
0801154e  xdc_runtime_Error_Module__state__V                                   
08011550  ti_sysbios_family_arm_v7r_vim_Hwi_Module_State_0_fiqStack__A         
08011d60  __stack                                                              
08012210  __STACK_END                                                          
51000000  MCPI_logMessage                                                      
fffffdec  ti_sysbios_family_arm_v7r_vim_Hwi_vim                                
ffffffff  __TI_pprof_out_hndl                                                  
ffffffff  __TI_prof_data_size                                                  
ffffffff  __TI_prof_data_start                                                 
ffffffff  __binit__                                                            
ffffffff  __c_args__                                                           
ffffffff  binit                                                                
UNDEFED   SHT$$INIT_ARRAY$$Base                                                
UNDEFED   SHT$$INIT_ARRAY$$Limit                                               

[718 symbols]
